2004.07.01 22:45 B C:\Documents and Settings\Osaka\My Documents\SriLanka\Hp2\Mobile\index.htm --> ftp180.lolipop.jp /m index.htm
2004.07.01 22:45 B C:\Documents and Settings\Osaka\My Documents\SriLanka\Hp2\Mobile\imageA.jpg --> ftp180.lolipop.jp /m imageA.jpg
2004.07.02 19:32 B C:\Documents and Settings\Osaka\My Documents\SriLanka\Hp2\Mobile\program.htm --> usj.to /homepage/m program.htm
2004.07.02 19:32 B C:\Documents and Settings\Osaka\My Documents\SriLanka\Hp2\Mobile\lesson.htm --> usj.to /homepage/m lesson.htm
2004.07.02 19:32 B C:\Documents and Settings\Osaka\My Documents\SriLanka\Hp2\Mobile\homestay.htm --> usj.to /homepage/m homestay.htm
2004.07.02 19:32 B C:\Documents and Settings\Osaka\My Documents\SriLanka\Hp2\Mobile\village.htm --> usj.to /homepage/m village.htm
2004.07.02 19:32 B C:\Documents and Settings\Osaka\My Documents\SriLanka\Hp2\Mobile\index.htm --> usj.to /homepage/m index.htm
2004.07.02 19:32 B C:\Documents and Settings\Osaka\My Documents\SriLanka\Hp2\Mobile\cost.htm --> usj.to /homepage/m cost.htm
2004.07.02 20:44 B C:\Documents and Settings\Osaka\My Documents\SriLanka\Hp2\Mobile\cost.htm --> usj.to /homepage/m cost.htm
2004.07.02 20:44 B C:\Documents and Settings\Osaka\My Documents\SriLanka\Hp2\Mobile\index.htm --> usj.to /homepage/m index.htm
2004.07.02 20:44 B C:\Documents and Settings\Osaka\My Documents\SriLanka\Hp2\Mobile\village.htm --> usj.to /homepage/m village.htm
2004.07.02 20:44 B C:\Documents and Settings\Osaka\My Documents\SriLanka\Hp2\Mobile\homestay.htm --> usj.to /homepage/m homestay.htm
2004.07.02 20:44 B C:\Documents and Settings\Osaka\My Documents\SriLanka\Hp2\Mobile\lesson.htm --> usj.to /homepage/m lesson.htm
2004.07.02 20:44 B C:\Documents and Settings\Osaka\My Documents\SriLanka\Hp2\Mobile\program.htm --> usj.to /homepage/m program.htm
2004.07.02 20:50 B C:\Documents and Settings\Osaka\My Documents\SriLanka\Hp2\Mobile\cost.htm --> ftp180.lolipop.jp /m cost.htm
2004.07.02 20:50 B C:\Documents and Settings\Osaka\My Documents\SriLanka\Hp2\Mobile\homestay.htm --> ftp180.lolipop.jp /m homestay.htm
2004.07.02 20:50 B C:\Documents and Settings\Osaka\My Documents\SriLanka\Hp2\Mobile\index.htm --> ftp180.lolipop.jp /m index.htm
2004.07.02 20:50 B C:\Documents and Settings\Osaka\My Documents\SriLanka\Hp2\Mobile\lesson.htm --> ftp180.lolipop.jp /m lesson.htm
2004.07.02 20:50 B C:\Documents and Settings\Osaka\My Documents\SriLanka\Hp2\Mobile\program.htm --> ftp180.lolipop.jp /m program.htm
2004.07.02 20:50 B C:\Documents and Settings\Osaka\My Documents\SriLanka\Hp2\Mobile\village.htm --> ftp180.lolipop.jp /m village.htm
2004.07.02 21:00 B C:\Documents and Settings\Osaka\My Documents\SriLanka\Hp2\Mobile\cost.htm --> ftp180.lolipop.jp /m cost.htm
2004.07.02 21:00 B C:\Documents and Settings\Osaka\My Documents\SriLanka\Hp2\Mobile\village.htm --> ftp180.lolipop.jp /m village.htm
2004.07.02 21:00 B C:\Documents and Settings\Osaka\My Documents\SriLanka\Hp2\Mobile\program.htm --> ftp180.lolipop.jp /m program.htm
2004.07.02 21:00 B C:\Documents and Settings\Osaka\My Documents\SriLanka\Hp2\Mobile\homestay.htm --> ftp180.lolipop.jp /m homestay.htm
2004.07.02 21:03 B C:\Documents and Settings\Osaka\My Documents\SriLanka\Hp2\Mobile\lesson.htm --> ftp180.lolipop.jp /m lesson.htm
2004.07.02 21:13 B C:\Documents and Settings\Osaka\My Documents\SriLanka\Hp2\Mobile\village.htm --> ftp180.lolipop.jp /m village.htm
2004.07.02 21:13 B C:\Documents and Settings\Osaka\My Documents\SriLanka\Hp2\Mobile\homestay.htm --> ftp180.lolipop.jp /m homestay.htm
2004.07.02 21:13 B C:\Documents and Settings\Osaka\My Documents\SriLanka\Hp2\Mobile\lesson.htm --> ftp180.lolipop.jp /m lesson.htm
2004.07.02 21:13 B C:\Documents and Settings\Osaka\My Documents\SriLanka\Hp2\Mobile\cost.htm --> ftp180.lolipop.jp /m cost.htm
2004.07.10 01:00 B C:\Documents and Settings\Osaka\My Documents\SriLanka\Hp2\Mobile\index.htm --> ftp180.lolipop.jp /m index.htm
2004.07.22 22:30 B C:\Documents and Settings\Osaka\My Documents\SriLanka\Hp2\Mobile\cost.htm --> ftp180.lolipop.jp / cost.htm
2004.07.22 22:30 B C:\Documents and Settings\Osaka\My Documents\SriLanka\Hp2\Mobile\cost.htm --> ftp180.lolipop.jp /m cost.htm
2004.07.22 22:44 B C:\Documents and Settings\Osaka\My Documents\SriLanka\Hp2\Mobile\cost.htm --> ftp180.lolipop.jp /m cost.htm
2004.09.04 19:11 B C:\Documents and Settings\Osaka\My Documents\1SriLanka\Hp2\Mobile\taiken.htm --> ftp180.lolipop.jp /m taiken.htm
2004.09.04 19:11 B C:\Documents and Settings\Osaka\My Documents\1SriLanka\Hp2\Mobile\index.htm --> ftp180.lolipop.jp /m index.htm
2004.09.04 19:11 B C:\Documents and Settings\Osaka\My Documents\1SriLanka\Hp2\Mobile\program.htm --> ftp180.lolipop.jp /m program.htm
2004.09.04 19:11 B C:\Documents and Settings\Osaka\My Documents\1SriLanka\Hp2\Mobile\lesson.htm --> ftp180.lolipop.jp /m lesson.htm
2004.09.04 19:11 B C:\Documents and Settings\Osaka\My Documents\1SriLanka\Hp2\Mobile\homestay.htm --> ftp180.lolipop.jp /m homestay.htm
2004.09.04 19:11 B C:\Documents and Settings\Osaka\My Documents\1SriLanka\Hp2\Mobile\village.htm --> ftp180.lolipop.jp /m village.htm
2004.09.04 19:11 B C:\Documents and Settings\Osaka\My Documents\1SriLanka\Hp2\Mobile\cost.htm --> ftp180.lolipop.jp /m cost.htm
2004.09.04 19:17 B C:\Documents and Settings\Osaka\My Documents\1SriLanka\Hp2\Mobile\taiken.htm --> ftp180.lolipop.jp / taiken.htm
2004.09.04 19:17 B C:\Documents and Settings\Osaka\My Documents\1SriLanka\Hp2\Mobile\taiken.htm --> ftp180.lolipop.jp /m taiken.htm
2004.09.04 19:19 B C:\Documents and Settings\Osaka\My Documents\1SriLanka\Hp2\Mobile\index.htm --> ftp180.lolipop.jp / index.htm
2004.09.04 19:19 B C:\Documents and Settings\Osaka\My Documents\1SriLanka\Hp2\Mobile\index.htm --> ftp180.lolipop.jp /m index.htm
2004.09.04 20:55 B C:\Documents and Settings\Osaka\My Documents\1SriLanka\Hp2\Mobile\taiken.htm --> ftp180.lolipop.jp /m taiken.htm
2004.09.06 10:00 B C:\Documents and Settings\Osaka\My Documents\1SriLanka\Hp2\Mobile\index.htm --> ftp180.lolipop.jp /m index.htm
2004.09.06 10:00 B C:\Documents and Settings\Osaka\My Documents\1SriLanka\Hp2\Mobile\taiken.htm --> ftp180.lolipop.jp /m taiken.htm
2004.09.12 19:55 B C:\Documents and Settings\Osaka\My Documents\1SriLanka\Hp2\Mobile\index.htm --> ftp180.lolipop.jp /m index.htm
2004.09.12 19:55 B C:\Documents and Settings\Osaka\My Documents\1SriLanka\Hp2\Mobile\lesson.htm --> ftp180.lolipop.jp /m lesson.htm
2004.09.12 19:55 B C:\Documents and Settings\Osaka\My Documents\1SriLanka\Hp2\Mobile\program.htm --> ftp180.lolipop.jp /m program.htm
2004.09.12 19:55 B C:\Documents and Settings\Osaka\My Documents\1SriLanka\Hp2\Mobile\taiken.htm --> ftp180.lolipop.jp /m taiken.htm
2004.09.12 19:55 B C:\Documents and Settings\Osaka\My Documents\1SriLanka\Hp2\Mobile\village.htm --> ftp180.lolipop.jp /m village.htm
2004.09.12 19:55 B C:\Documents and Settings\Osaka\My Documents\1SriLanka\Hp2\Mobile\cost.htm --> ftp180.lolipop.jp /m cost.htm
2004.09.12 19:55 B C:\Documents and Settings\Osaka\My Documents\1SriLanka\Hp2\Mobile\homestay.htm --> ftp180.lolipop.jp /m homestay.htm
2004.09.12 20:14 B C:\Documents and Settings\Osaka\My Documents\1SriLanka\Hp2\Mobile\program.htm --> ftp180.lolipop.jp /m program.htm
2004.09.13 21:55 B C:\Documents and Settings\Osaka\My Documents\1SriLanka\Hp2\Mobile\homestay.htm --> ftp180.lolipop.jp /m homestay.htm
2004.09.15 12:32 B C:\Documents and Settings\Osaka\My Documents\1SriLanka\Hp2\Mobile\taiken.htm --> ftp180.lolipop.jp /m taiken.htm
2004.09.15 12:34 B C:\Documents and Settings\Osaka\My Documents\1SriLanka\Hp2\Mobile\taiken.htm --> ftp180.lolipop.jp /m taiken.htm
2004.09.17 18:53 B C:\Documents and Settings\Osaka\My Documents\1SriLanka\Hp2\Mobile\program.htm --> ftp180.lolipop.jp /m program.htm
2004.10.28 23:46 B C:\Documents and Settings\Osaka\My Documents\1SriLanka\Hp2\Mobile\taiken.htm --> ftp180.lolipop.jp /m taiken.htm
2004.11.15 11:45 B C:\Documents and Settings\Osaka\My Documents\1SriLanka\Hp2\Mobile\taiken.htm --> ftp180.lolipop.jp /m taiken.htm
2004.11.15 11:56 B C:\Documents and Settings\Osaka\My Documents\1SriLanka\Hp2\Mobile\taiken.htm --> ftp180.lolipop.jp /m taiken.htm
2004.11.15 11:58 B C:\Documents and Settings\Osaka\My Documents\1SriLanka\Hp2\Mobile\taiken.htm --> ftp180.lolipop.jp /m taiken.htm
2004.11.15 12:03 A C:\Documents and Settings\Osaka\My Documents\1SriLanka\Hp2\Mobile\taiken.htm --> ftp180.lolipop.jp /m taiken.htm
2004.11.15 12:05 B C:\Documents and Settings\Osaka\My Documents\1SriLanka\Hp2\Mobile\taiken.htm --> ftp180.lolipop.jp /m taiken.htm
2004.11.15 12:07 B C:\Documents and Settings\Osaka\My Documents\1SriLanka\Hp2\Mobile\taiken.htm --> ftp180.lolipop.jp /m taiken.htm
2004.11.16 12:38 B C:\Documents and Settings\Osaka\My Documents\1SriLanka\Hp2\Mobile\taiken.htm --> ftp180.lolipop.jp /m taiken.htm
2004.11.18 00:32 B C:\Documents and Settings\Osaka\My Documents\1SriLanka\Hp2\Mobile\index.htm --> ftp180.lolipop.jp /m index.htm
2004.11.18 00:36 B C:\Documents and Settings\Osaka\My Documents\1SriLanka\Hp2\Mobile\index.htm --> ftp180.lolipop.jp /m index.htm
2004.11.18 00:38 B C:\Documents and Settings\Osaka\My Documents\1SriLanka\Hp2\Mobile\index.htm --> ftp180.lolipop.jp /m index.htm
2004.11.18 00:39 B C:\Documents and Settings\Osaka\My Documents\1SriLanka\Hp2\Mobile\index.htm --> ftp180.lolipop.jp /m index.htm
2004.11.18 00:40 B C:\Documents and Settings\Osaka\My Documents\1SriLanka\Hp2\Mobile\index.htm --> ftp180.lolipop.jp /m index.htm
2004.11.18 00:40 B C:\Documents and Settings\Osaka\My Documents\1SriLanka\Hp2\Mobile\index.htm --> ftp180.lolipop.jp /m index.htm
2004.11.18 18:30 B C:\Documents and Settings\Osaka\My Documents\1SriLanka\Hp2\Mobile\homestay.htm --> ftp180.lolipop.jp /m homestay.htm
2004.11.18 18:30 B C:\Documents and Settings\Osaka\My Documents\1SriLanka\Hp2\Mobile\cost.htm --> ftp180.lolipop.jp /m cost.htm
2004.11.18 18:30 B C:\Documents and Settings\Osaka\My Documents\1SriLanka\Hp2\Mobile\index.htm --> ftp180.lolipop.jp /m index.htm
2004.11.18 18:30 B C:\Documents and Settings\Osaka\My Documents\1SriLanka\Hp2\Mobile\taiken.htm --> ftp180.lolipop.jp /m taiken.htm
2004.11.18 18:32 B C:\Documents and Settings\Osaka\My Documents\1SriLanka\Hp2\Mobile\taiken2.htm --> ftp180.lolipop.jp /m taiken2.htm
2004.11.18 18:33 B C:\Documents and Settings\Osaka\My Documents\1SriLanka\Hp2\Mobile\village.htm --> ftp180.lolipop.jp /m village.htm
2004.11.18 18:34 B C:\Documents and Settings\Osaka\My Documents\1SriLanka\Hp2\Mobile\taiken2.htm --> ftp180.lolipop.jp /m taiken2.htm
2004.11.18 18:35 B C:\Documents and Settings\Osaka\My Documents\1SriLanka\Hp2\Mobile\lesson.htm --> ftp180.lolipop.jp /m lesson.htm
2004.11.19 14:07 B C:\Documents and Settings\Osaka\My Documents\1SriLanka\Hp2\Mobile\taiken.htm --> ftp180.lolipop.jp /m taiken.htm
2004.11.19 14:10 B C:\Documents and Settings\Osaka\My Documents\1SriLanka\Hp2\Mobile\taiken2.htm --> ftp180.lolipop.jp /m taiken2.htm
2004.11.19 14:10 B C:\Documents and Settings\Osaka\My Documents\1SriLanka\Hp2\Mobile\program.htm --> ftp180.lolipop.jp /m program.htm
2004.12.03 15:18 B C:\Documents and Settings\Osaka\My Documents\1SriLanka\Hp2\Mobile\cost.htm --> ftp180.lolipop.jp /m cost.htm
2004.12.28 13:15 B C:\Documents and Settings\Osaka\My Documents\1SriLanka\Hp2\Mobile\index.htm --> ftp180.lolipop.jp /m index.htm
2005.01.21 20:09 B C:\Documents and Settings\Osaka\My Documents\1SriLanka\Hp2\Mobile\index.htm --> ftp180.lolipop.jp / index.htm
2005.01.21 20:09 B C:\Documents and Settings\Osaka\My Documents\1SriLanka\Hp2\Mobile\taiken3.htm --> ftp180.lolipop.jp / taiken3.htm
2005.01.21 20:10 B C:\Documents and Settings\Osaka\My Documents\1SriLanka\Hp2\Mobile\index.htm --> ftp180.lolipop.jp /m index.htm
2005.01.21 20:10 B C:\Documents and Settings\Osaka\My Documents\1SriLanka\Hp2\Mobile\taiken3.htm --> ftp180.lolipop.jp /m taiken3.htm
2005.01.21 20:28 B C:\Documents and Settings\Osaka\My Documents\1SriLanka\Hp2\Mobile\village.htm --> ftp180.lolipop.jp /m village.htm
2005.01.21 20:28 B C:\Documents and Settings\Osaka\My Documents\1SriLanka\Hp2\Mobile\program.htm --> ftp180.lolipop.jp /m program.htm
2005.01.21 20:28 B C:\Documents and Settings\Osaka\My Documents\1SriLanka\Hp2\Mobile\taiken.htm --> ftp180.lolipop.jp /m taiken.htm
2005.01.21 20:28 B C:\Documents and Settings\Osaka\My Documents\1SriLanka\Hp2\Mobile\taiken3.htm --> ftp180.lolipop.jp /m taiken3.htm
2005.01.21 20:28 B C:\Documents and Settings\Osaka\My Documents\1SriLanka\Hp2\Mobile\taiken2.htm --> ftp180.lolipop.jp /m taiken2.htm
2005.01.21 20:30 B C:\Documents and Settings\Osaka\My Documents\1SriLanka\Hp2\Mobile\homestay.htm --> ftp180.lolipop.jp /m homestay.htm
2005.01.21 20:30 B C:\Documents and Settings\Osaka\My Documents\1SriLanka\Hp2\Mobile\cost.htm --> ftp180.lolipop.jp /m cost.htm
2005.01.21 20:32 B C:\Documents and Settings\Osaka\My Documents\1SriLanka\Hp2\Mobile\lesson.htm --> ftp180.lolipop.jp /m lesson.htm
2005.02.08 20:04 B C:\Documents and Settings\Osaka\My Documents\1SriLanka\Hp2\Mobile\index.htm --> ftp180.lolipop.jp /m index.htm
2005.02.08 20:08 B C:\Documents and Settings\Osaka\My Documents\1SriLanka\Hp2\Mobile\program.htm --> ftp180.lolipop.jp /m program.htm
2005.02.15 17:46 B C:\Documents and Settings\Osaka\My Documents\1SriLanka\Hp2\Mobile\index.htm --> ftp180.lolipop.jp /m index.htm
2005.02.15 17:46 B C:\Documents and Settings\Osaka\My Documents\1SriLanka\Hp2\Mobile\security.htm --> ftp180.lolipop.jp /m security.htm
2005.02.15 17:46 B C:\Documents and Settings\Osaka\My Documents\1SriLanka\Hp2\Mobile\srilankaBeI.gif --> ftp180.lolipop.jp /m srilankaBeI.gif
2005.02.15 17:46 B C:\Documents and Settings\Osaka\My Documents\1SriLanka\Hp2\Mobile\volunteers.htm --> ftp180.lolipop.jp /m volunteers.htm
2005.02.15 18:03 B C:\Documents and Settings\Osaka\My Documents\1SriLanka\Hp2\Mobile\volunteers.htm --> ftp180.lolipop.jp /m volunteers.htm
2005.02.15 18:11 B C:\Documents and Settings\Osaka\My Documents\1SriLanka\Hp2\Mobile\volunteers.htm --> ftp180.lolipop.jp /m volunteers.htm
2005.02.15 21:01 B C:\Documents and Settings\Osaka\My Documents\1SriLanka\Hp2\Mobile\index.htm --> ftp180.lolipop.jp /m index.htm
2005.02.15 21:02 B C:\Documents and Settings\Osaka\My Documents\1SriLanka\Hp2\Mobile\volunteers.htm --> ftp180.lolipop.jp /m volunteers.htm
2005.02.15 21:02 B C:\Documents and Settings\Osaka\My Documents\1SriLanka\Hp2\Mobile\village.htm --> ftp180.lolipop.jp /m village.htm
2005.02.15 21:02 B C:\Documents and Settings\Osaka\My Documents\1SriLanka\Hp2\Mobile\security.htm --> ftp180.lolipop.jp /m security.htm
2005.02.15 21:02 B C:\Documents and Settings\Osaka\My Documents\1SriLanka\Hp2\Mobile\taiken3.htm --> ftp180.lolipop.jp /m taiken3.htm
2005.02.15 21:02 B C:\Documents and Settings\Osaka\My Documents\1SriLanka\Hp2\Mobile\taiken2.htm --> ftp180.lolipop.jp /m taiken2.htm
2005.02.15 21:02 B C:\Documents and Settings\Osaka\My Documents\1SriLanka\Hp2\Mobile\taiken.htm --> ftp180.lolipop.jp /m taiken.htm
2005.02.15 21:02 B C:\Documents and Settings\Osaka\My Documents\1SriLanka\Hp2\Mobile\program.htm --> ftp180.lolipop.jp /m program.htm
2005.02.15 21:02 B C:\Documents and Settings\Osaka\My Documents\1SriLanka\Hp2\Mobile\lesson.htm --> ftp180.lolipop.jp /m lesson.htm
2005.02.15 21:02 B C:\Documents and Settings\Osaka\My Documents\1SriLanka\Hp2\Mobile\homestay.htm --> ftp180.lolipop.jp /m homestay.htm
2005.02.15 21:02 B C:\Documents and Settings\Osaka\My Documents\1SriLanka\Hp2\Mobile\cost.htm --> ftp180.lolipop.jp /m cost.htm
2005.02.15 21:07 B C:\Documents and Settings\Osaka\My Documents\1SriLanka\Hp2\Mobile\cost.htm --> ftp180.lolipop.jp /m cost.htm
2005.02.15 21:08 B C:\Documents and Settings\Osaka\My Documents\1SriLanka\Hp2\Mobile\cost.htm --> ftp180.lolipop.jp /m cost.htm
2005.02.15 21:16 B C:\Documents and Settings\Osaka\My Documents\1SriLanka\Hp2\Mobile\volunteers.htm --> ftp180.lolipop.jp /m volunteers.htm
2005.02.15 21:28 B C:\Documents and Settings\Osaka\My Documents\1SriLanka\Hp2\Mobile\lesson.htm --> ftp180.lolipop.jp / lesson.htm
2005.02.15 21:28 B C:\Documents and Settings\Osaka\My Documents\1SriLanka\Hp2\Mobile\lesson.htm --> ftp180.lolipop.jp /m lesson.htm
2005.02.15 21:28 B C:\Documents and Settings\Osaka\My Documents\1SriLanka\Hp2\Mobile\lesson.htm --> ftp180.lolipop.jp / lesson.htm
2005.02.15 21:29 B C:\Documents and Settings\Osaka\My Documents\1SriLanka\Hp2\Mobile\lesson.htm --> ftp180.lolipop.jp / lesson.htm
2005.02.15 21:29 B C:\Documents and Settings\Osaka\My Documents\1SriLanka\Hp2\Mobile\lesson.htm --> ftp180.lolipop.jp /m lesson.htm
2005.02.15 21:32 B C:\Documents and Settings\Osaka\My Documents\1SriLanka\Hp2\Mobile\lesson.htm --> ftp180.lolipop.jp /m lesson.htm
2005.03.07 17:06 B C:\Documents and Settings\Osaka\My Documents\1SriLanka\Hp2\Mobile\lesson.htm --> usj.to /homepage/m lesson.htm
2005.03.07 17:06 B C:\Documents and Settings\Osaka\My Documents\1SriLanka\Hp2\Mobile\volunteers.htm --> usj.to /homepage/m volunteers.htm
2005.03.07 17:06 B C:\Documents and Settings\Osaka\My Documents\1SriLanka\Hp2\Mobile\cost.htm --> usj.to /homepage/m cost.htm
2005.03.07 17:06 B C:\Documents and Settings\Osaka\My Documents\1SriLanka\Hp2\Mobile\index.htm --> usj.to /homepage/m index.htm
2005.03.07 17:06 B C:\Documents and Settings\Osaka\My Documents\1SriLanka\Hp2\Mobile\village.htm --> usj.to /homepage/m village.htm
2005.03.07 17:06 B C:\Documents and Settings\Osaka\My Documents\1SriLanka\Hp2\Mobile\security.htm --> usj.to /homepage/m security.htm
2005.03.07 17:06 B C:\Documents and Settings\Osaka\My Documents\1SriLanka\Hp2\Mobile\taiken3.htm --> usj.to /homepage/m taiken3.htm
2005.03.07 17:06 B C:\Documents and Settings\Osaka\My Documents\1SriLanka\Hp2\Mobile\taiken2.htm --> usj.to /homepage/m taiken2.htm
2005.03.07 17:06 B C:\Documents and Settings\Osaka\My Documents\1SriLanka\Hp2\Mobile\taiken.htm --> usj.to /homepage/m taiken.htm
2005.03.07 17:06 B C:\Documents and Settings\Osaka\My Documents\1SriLanka\Hp2\Mobile\program.htm --> usj.to /homepage/m program.htm
2005.03.07 17:06 B C:\Documents and Settings\Osaka\My Documents\1SriLanka\Hp2\Mobile\homestay.htm --> usj.to /homepage/m homestay.htm
2005.03.07 17:06 B C:\Documents and Settings\Osaka\My Documents\1SriLanka\Hp2\Mobile\srilankaBeI.gif --> usj.to /homepage/m srilankaBeI.gif
2005.03.07 17:06 B C:\Documents and Settings\Osaka\My Documents\1SriLanka\Hp2\Mobile\imageA.jpg --> usj.to /homepage/m imageA.jpg
2005.04.14 13:55 B C:\Documents and Settings\Osaka\My Documents\1SriLanka\Hp2\Mobile\volunteers.htm --> ftp180.lolipop.jp /m volunteers.htm
2005.04.14 13:55 B C:\Documents and Settings\Osaka\My Documents\1SriLanka\Hp2\Mobile\security.htm --> ftp180.lolipop.jp /m security.htm
2005.04.14 13:55 B C:\Documents and Settings\Osaka\My Documents\1SriLanka\Hp2\Mobile\cost.htm --> ftp180.lolipop.jp /m cost.htm
2005.04.14 13:55 B C:\Documents and Settings\Osaka\My Documents\1SriLanka\Hp2\Mobile\village.htm --> ftp180.lolipop.jp /m village.htm
2005.04.14 13:55 B C:\Documents and Settings\Osaka\My Documents\1SriLanka\Hp2\Mobile\homestay.htm --> ftp180.lolipop.jp /m homestay.htm
2005.04.14 13:55 B C:\Documents and Settings\Osaka\My Documents\1SriLanka\Hp2\Mobile\program.htm --> ftp180.lolipop.jp /m program.htm
2005.04.14 13:55 B C:\Documents and Settings\Osaka\My Documents\1SriLanka\Hp2\Mobile\lesson.htm --> ftp180.lolipop.jp /m lesson.htm
2005.04.14 13:55 B C:\Documents and Settings\Osaka\My Documents\1SriLanka\Hp2\Mobile\index.htm --> ftp180.lolipop.jp /m index.htm
2005.04.14 13:55 B C:\Documents and Settings\Osaka\My Documents\1SriLanka\Hp2\Mobile\taiken3.htm --> ftp180.lolipop.jp /m taiken3.htm
2005.04.14 13:57 B C:\Documents and Settings\Osaka\My Documents\1SriLanka\Hp2\Mobile\taiken3.htm --> ftp180.lolipop.jp /m taiken3.htm
2005.04.14 13:57 B C:\Documents and Settings\Osaka\My Documents\1SriLanka\Hp2\Mobile\taiken.htm --> ftp180.lolipop.jp /m taiken.htm
2005.04.14 13:57 B C:\Documents and Settings\Osaka\My Documents\1SriLanka\Hp2\Mobile\taiken2.htm --> ftp180.lolipop.jp /m taiken2.htm
2005.04.18 10:57 A C:\Documents and Settings\Osaka\My Documents\1SriLanka\Hp2\Mobile\taiken.htm --> ftp180.lolipop.jp /m taiken.htm
2005.04.20 15:58 B C:\Documents and Settings\Osaka\My Documents\1SriLanka\Hp2\Mobile\volunteers.htm --> ftp180.lolipop.jp /m volunteers.htm
2005.08.12 22:46 B C:\Documents and Settings\Osaka\My Documents\1SriLanka\1HP\Mobile\cost.htm --> ftp180.lolipop.jp /m cost.htm
2005.08.12 22:46 B C:\Documents and Settings\Osaka\My Documents\1SriLanka\1HP\Mobile\Thumbs.db --> ftp180.lolipop.jp /m Thumbs.db
2005.08.12 22:46 B C:\Documents and Settings\Osaka\My Documents\1SriLanka\1HP\Mobile\taiken.htm --> ftp180.lolipop.jp /m taiken.htm
2005.08.12 22:46 B C:\Documents and Settings\Osaka\My Documents\1SriLanka\1HP\Mobile\kadotanisan1s.jpg --> ftp180.lolipop.jp /m kadotanisan1s.jpg
2005.08.12 22:46 B C:\Documents and Settings\Osaka\My Documents\1SriLanka\1HP\Mobile\village.htm --> ftp180.lolipop.jp /m village.htm
2005.08.12 22:46 B C:\Documents and Settings\Osaka\My Documents\1SriLanka\1HP\Mobile\lesson.htm --> ftp180.lolipop.jp /m lesson.htm
2005.08.12 22:46 B C:\Documents and Settings\Osaka\My Documents\1SriLanka\1HP\Mobile\homestay.htm --> ftp180.lolipop.jp /m homestay.htm
2005.08.12 22:46 B C:\Documents and Settings\Osaka\My Documents\1SriLanka\1HP\Mobile\security.htm --> ftp180.lolipop.jp /m security.htm
2005.08.12 22:46 B C:\Documents and Settings\Osaka\My Documents\1SriLanka\1HP\Mobile\nlesson.htm --> ftp180.lolipop.jp /m nlesson.htm
2005.08.12 22:46 B C:\Documents and Settings\Osaka\My Documents\1SriLanka\1HP\Mobile\nvolunteers.htm --> ftp180.lolipop.jp /m nvolunteers.htm
2005.08.12 22:46 B C:\Documents and Settings\Osaka\My Documents\1SriLanka\1HP\Mobile\nsecurity.htm --> ftp180.lolipop.jp /m nsecurity.htm
2005.08.12 22:46 B C:\Documents and Settings\Osaka\My Documents\1SriLanka\1HP\Mobile\nimage14s.jpg --> ftp180.lolipop.jp /m nimage14s.jpg
2005.08.12 22:46 B C:\Documents and Settings\Osaka\My Documents\1SriLanka\1HP\Mobile\nhomestay.htm --> ftp180.lolipop.jp /m nhomestay.htm
2005.08.12 22:46 B C:\Documents and Settings\Osaka\My Documents\1SriLanka\1HP\Mobile\ncost.htm --> ftp180.lolipop.jp /m ncost.htm
2005.08.12 22:46 B C:\Documents and Settings\Osaka\My Documents\1SriLanka\1HP\Mobile\nepal.htm --> ftp180.lolipop.jp /m nepal.htm
2005.08.12 22:46 B C:\Documents and Settings\Osaka\My Documents\1SriLanka\1HP\Mobile\index.htm --> ftp180.lolipop.jp /m index.htm
2005.08.12 22:46 B C:\Documents and Settings\Osaka\My Documents\1SriLanka\1HP\Mobile\program.htm --> ftp180.lolipop.jp /m program.htm
2005.08.12 22:46 B C:\Documents and Settings\Osaka\My Documents\1SriLanka\1HP\Mobile\itoaisan1s.jpg --> ftp180.lolipop.jp /m itoaisan1s.jpg
2005.08.12 22:46 B C:\Documents and Settings\Osaka\My Documents\1SriLanka\1HP\Mobile\image2.gif --> ftp180.lolipop.jp /m image2.gif
2005.08.12 22:46 B C:\Documents and Settings\Osaka\My Documents\1SriLanka\1HP\Mobile\001s.gif --> ftp180.lolipop.jp /m 001s.gif
2005.08.12 22:46 B C:\Documents and Settings\Osaka\My Documents\1SriLanka\1HP\Mobile\srilanka.htm --> ftp180.lolipop.jp /m srilanka.htm
2005.08.12 22:46 B C:\Documents and Settings\Osaka\My Documents\1SriLanka\1HP\Mobile\volunteers.htm --> ftp180.lolipop.jp /m volunteers.htm
2005.08.12 22:46 B C:\Documents and Settings\Osaka\My Documents\1SriLanka\1HP\Mobile\takatsukisan3s.jpg --> ftp180.lolipop.jp /m takatsukisan3s.jpg
2005.08.12 22:46 B C:\Documents and Settings\Osaka\My Documents\1SriLanka\1HP\Mobile\image5-1s.jpg --> ftp180.lolipop.jp /m image5-1s.jpg
2005.08.12 22:46 B C:\Documents and Settings\Osaka\My Documents\1SriLanka\1HP\Mobile\image3-1s.jpg --> ftp180.lolipop.jp /m image3-1s.jpg
2005.08.12 22:46 B C:\Documents and Settings\Osaka\My Documents\1SriLanka\1HP\Mobile\image1-1s.jpg --> ftp180.lolipop.jp /m image1-1s.jpg
2005.08.12 22:46 B C:\Documents and Settings\Osaka\My Documents\1SriLanka\1HP\Mobile\image3-2s.jpg --> ftp180.lolipop.jp /m image3-2s.jpg
2005.08.12 22:46 B C:\Documents and Settings\Osaka\My Documents\1SriLanka\1HP\Mobile\image1-2s.jpg --> ftp180.lolipop.jp /m image1-2s.jpg
2005.08.12 22:46 B C:\Documents and Settings\Osaka\My Documents\1SriLanka\1HP\Mobile\nimage8s.jpg --> ftp180.lolipop.jp /m nimage8s.jpg
2005.08.12 22:46 B C:\Documents and Settings\Osaka\My Documents\1SriLanka\1HP\Mobile\nimage3s.jpg --> ftp180.lolipop.jp /m nimage3s.jpg
2005.08.12 22:46 B C:\Documents and Settings\Osaka\My Documents\1SriLanka\1HP\Mobile\nimage9s.jpg --> ftp180.lolipop.jp /m nimage9s.jpg
2005.08.12 22:46 B C:\Documents and Settings\Osaka\My Documents\1SriLanka\1HP\Mobile\nimage13s.jpg --> ftp180.lolipop.jp /m nimage13s.jpg
2005.08.12 22:46 B C:\Documents and Settings\Osaka\My Documents\1SriLanka\1HP\Mobile\nimage4s.jpg --> ftp180.lolipop.jp /m nimage4s.jpg
2005.08.12 22:46 B C:\Documents and Settings\Osaka\My Documents\1SriLanka\1HP\Mobile\taiken2.htm --> ftp180.lolipop.jp /m taiken2.htm
2005.08.12 22:46 B C:\Documents and Settings\Osaka\My Documents\1SriLanka\1HP\Mobile\taiken1.htm --> ftp180.lolipop.jp /m taiken1.htm
2005.08.12 22:46 B C:\Documents and Settings\Osaka\My Documents\1SriLanka\1HP\Mobile\taiken6.htm --> ftp180.lolipop.jp /m taiken6.htm
2005.08.12 22:46 B C:\Documents and Settings\Osaka\My Documents\1SriLanka\1HP\Mobile\taiken5.htm --> ftp180.lolipop.jp /m taiken5.htm
2005.08.12 22:46 B C:\Documents and Settings\Osaka\My Documents\1SriLanka\1HP\Mobile\taiken4.htm --> ftp180.lolipop.jp /m taiken4.htm
2005.08.12 22:46 B C:\Documents and Settings\Osaka\My Documents\1SriLanka\1HP\Mobile\taiken3.htm --> ftp180.lolipop.jp /m taiken3.htm
2005.08.12 22:46 B C:\Documents and Settings\Osaka\My Documents\1SriLanka\1HP\Mobile\taiken8.htm --> ftp180.lolipop.jp /m taiken8.htm
2005.08.12 22:46 B C:\Documents and Settings\Osaka\My Documents\1SriLanka\1HP\Mobile\taiken7.htm --> ftp180.lolipop.jp /m taiken7.htm
2005.08.12 22:46 B C:\Documents and Settings\Osaka\My Documents\1SriLanka\1HP\Mobile\imageB.jpg --> ftp180.lolipop.jp /m imageB.jpg
2005.08.12 22:49 B C:\Documents and Settings\Osaka\My Documents\1SriLanka\1HP\Mobile\001s.gif --> ftp180.lolipop.jp /m 001s.gif
2005.08.12 22:52 B C:\Documents and Settings\Osaka\My Documents\1SriLanka\1HP\Mobile\program.htm --> ftp180.lolipop.jp /m program.htm
2005.08.12 22:58 B C:\Documents and Settings\Osaka\My Documents\1SriLanka\1HP\Mobile\taiken.htm --> ftp180.lolipop.jp /m taiken.htm
2005.08.12 22:59 B C:\Documents and Settings\Osaka\My Documents\1SriLanka\1HP\Mobile\taiken.htm --> ftp180.lolipop.jp /m taiken.htm
2005.08.12 23:04 B C:\Documents and Settings\Osaka\My Documents\1SriLanka\1HP\Mobile\index.htm --> ftp180.lolipop.jp /m index.htm
2005.08.12 23:15 B C:\Documents and Settings\Osaka\My Documents\1SriLanka\1HP\Mobile\index.htm --> ftp180.lolipop.jp /m index.htm
2005.08.12 23:15 B C:\Documents and Settings\Osaka\My Documents\1SriLanka\1HP\Mobile\imageC.jpg --> ftp180.lolipop.jp /m imageC.jpg
2005.08.12 23:15 B C:\Documents and Settings\Osaka\My Documents\1SriLanka\1HP\Mobile\image1-7s.jpg --> ftp180.lolipop.jp /m image1-7s.jpg
2005.08.12 23:17 B C:\Documents and Settings\Osaka\My Documents\1SriLanka\1HP\Mobile\image1-7s.jpg --> ftp180.lolipop.jp /m image1-7s.jpg
2005.08.12 23:17 B C:\Documents and Settings\Osaka\My Documents\1SriLanka\1HP\Mobile\imageC.jpg --> ftp180.lolipop.jp /m imageC.jpg
2005.08.12 23:18 B C:\Documents and Settings\Osaka\My Documents\1SriLanka\1HP\Mobile\index.htm --> ftp180.lolipop.jp /m index.htm
2005.08.12 23:19 B C:\Documents and Settings\Osaka\My Documents\1SriLanka\1HP\Mobile\index.htm --> ftp180.lolipop.jp /m index.htm
2005.08.12 23:21 B C:\Documents and Settings\Osaka\My Documents\1SriLanka\1HP\Mobile\nepal.htm --> ftp180.lolipop.jp /m nepal.htm
2005.08.12 23:26 B C:\Documents and Settings\Osaka\My Documents\1SriLanka\1HP\Mobile\nvolunteers.htm --> ftp180.lolipop.jp /m nvolunteers.htm
2005.08.12 23:26 B C:\Documents and Settings\Osaka\My Documents\1SriLanka\1HP\Mobile\nsecurity.htm --> ftp180.lolipop.jp /m nsecurity.htm
2005.08.12 23:26 B C:\Documents and Settings\Osaka\My Documents\1SriLanka\1HP\Mobile\ncost.htm --> ftp180.lolipop.jp /m ncost.htm
2005.08.12 23:26 B C:\Documents and Settings\Osaka\My Documents\1SriLanka\1HP\Mobile\nlesson.htm --> ftp180.lolipop.jp /m nlesson.htm
2005.08.12 23:26 B C:\Documents and Settings\Osaka\My Documents\1SriLanka\1HP\Mobile\nhomestay.htm --> ftp180.lolipop.jp /m nhomestay.htm
2005.08.12 23:26 B C:\Documents and Settings\Osaka\My Documents\1SriLanka\1HP\Mobile\program.htm --> ftp180.lolipop.jp /m program.htm
2005.08.12 23:26 B C:\Documents and Settings\Osaka\My Documents\1SriLanka\1HP\Mobile\nepal.htm --> ftp180.lolipop.jp /m nepal.htm
2005.08.12 23:26 B C:\Documents and Settings\Osaka\My Documents\1SriLanka\1HP\Mobile\index.htm --> ftp180.lolipop.jp /m index.htm
2005.08.23 12:54 B C:\Documents and Settings\Osaka\My Documents\1SriLanka\1HP\Mobile\ncost.htm --> ftp180.lolipop.jp /m ncost.htm
2005.08.23 14:40 B C:\Documents and Settings\Osaka\My Documents\1SriLanka\1HP\Mobile\lec.htm --> ftp180.lolipop.jp /m lec.htm
2005.08.23 14:40 B C:\Documents and Settings\Osaka\My Documents\1SriLanka\1HP\Mobile\image6-1s.jpg --> ftp180.lolipop.jp /m image6-1s.jpg
2005.08.23 14:40 B C:\Documents and Settings\Osaka\My Documents\1SriLanka\1HP\Mobile\index.htm --> ftp180.lolipop.jp /m index.htm
2005.08.23 14:40 B C:\Documents and Settings\Osaka\My Documents\1SriLanka\1HP\Mobile\qa.htm --> ftp180.lolipop.jp /m qa.htm
2005.08.24 11:31 B C:\Documents and Settings\Osaka\My Documents\1SriLanka\1HP\Mobile\nlesson.htm --> ftp180.lolipop.jp /m nlesson.htm
2005.08.24 11:31 B C:\Documents and Settings\Osaka\My Documents\1SriLanka\1HP\Mobile\lesson.htm --> ftp180.lolipop.jp /m lesson.htm
2005.08.24 11:31 B C:\Documents and Settings\Osaka\My Documents\1SriLanka\1HP\Mobile\lec.htm --> ftp180.lolipop.jp /m lec.htm
2005.08.24 11:31 B C:\Documents and Settings\Osaka\My Documents\1SriLanka\1HP\Mobile\volunteers.htm --> ftp180.lolipop.jp /m volunteers.htm
2005.08.24 11:31 B C:\Documents and Settings\Osaka\My Documents\1SriLanka\1HP\Mobile\village.htm --> ftp180.lolipop.jp /m village.htm
2005.08.24 11:31 B C:\Documents and Settings\Osaka\My Documents\1SriLanka\1HP\Mobile\taiken.htm --> ftp180.lolipop.jp /m taiken.htm
2005.08.24 11:31 B C:\Documents and Settings\Osaka\My Documents\1SriLanka\1HP\Mobile\taiken8.htm --> ftp180.lolipop.jp /m taiken8.htm
2005.08.24 11:31 B C:\Documents and Settings\Osaka\My Documents\1SriLanka\1HP\Mobile\taiken7.htm --> ftp180.lolipop.jp /m taiken7.htm
2005.08.24 11:31 B C:\Documents and Settings\Osaka\My Documents\1SriLanka\1HP\Mobile\taiken6.htm --> ftp180.lolipop.jp /m taiken6.htm
2005.08.24 11:31 B C:\Documents and Settings\Osaka\My Documents\1SriLanka\1HP\Mobile\taiken5.htm --> ftp180.lolipop.jp /m taiken5.htm
2005.08.24 11:31 B C:\Documents and Settings\Osaka\My Documents\1SriLanka\1HP\Mobile\taiken4.htm --> ftp180.lolipop.jp /m taiken4.htm
2005.08.24 11:31 B C:\Documents and Settings\Osaka\My Documents\1SriLanka\1HP\Mobile\taiken3.htm --> ftp180.lolipop.jp /m taiken3.htm
2005.08.24 11:31 B C:\Documents and Settings\Osaka\My Documents\1SriLanka\1HP\Mobile\taiken2.htm --> ftp180.lolipop.jp /m taiken2.htm
2005.08.24 11:31 B C:\Documents and Settings\Osaka\My Documents\1SriLanka\1HP\Mobile\taiken1.htm --> ftp180.lolipop.jp /m taiken1.htm
2005.08.24 11:31 B C:\Documents and Settings\Osaka\My Documents\1SriLanka\1HP\Mobile\security.htm --> ftp180.lolipop.jp /m security.htm
2005.08.24 11:31 B C:\Documents and Settings\Osaka\My Documents\1SriLanka\1HP\Mobile\qa.htm --> ftp180.lolipop.jp /m qa.htm
2005.08.24 11:31 B C:\Documents and Settings\Osaka\My Documents\1SriLanka\1HP\Mobile\program.htm --> ftp180.lolipop.jp /m program.htm
2005.08.24 11:31 B C:\Documents and Settings\Osaka\My Documents\1SriLanka\1HP\Mobile\nvolunteers.htm --> ftp180.lolipop.jp /m nvolunteers.htm
2005.08.24 11:31 B C:\Documents and Settings\Osaka\My Documents\1SriLanka\1HP\Mobile\nsecurity.htm --> ftp180.lolipop.jp /m nsecurity.htm
2005.08.24 11:31 B C:\Documents and Settings\Osaka\My Documents\1SriLanka\1HP\Mobile\nhomestay.htm --> ftp180.lolipop.jp /m nhomestay.htm
2005.08.24 11:31 B C:\Documents and Settings\Osaka\My Documents\1SriLanka\1HP\Mobile\homestay.htm --> ftp180.lolipop.jp /m homestay.htm
2005.08.24 11:31 B C:\Documents and Settings\Osaka\My Documents\1SriLanka\1HP\Mobile\nepal.htm --> ftp180.lolipop.jp /m nepal.htm
2005.08.24 11:31 B C:\Documents and Settings\Osaka\My Documents\1SriLanka\1HP\Mobile\ncost.htm --> ftp180.lolipop.jp /m ncost.htm
2005.08.24 11:31 B C:\Documents and Settings\Osaka\My Documents\1SriLanka\1HP\Mobile\cost.htm --> ftp180.lolipop.jp /m cost.htm
2005.08.24 11:31 B C:\Documents and Settings\Osaka\My Documents\1SriLanka\1HP\Mobile\srilanka.htm --> ftp180.lolipop.jp /m srilanka.htm
2005.08.24 11:31 B C:\Documents and Settings\Osaka\My Documents\1SriLanka\1HP\Mobile\index.htm --> ftp180.lolipop.jp /m index.htm
2005.08.24 13:18 B C:\Documents and Settings\Osaka\My Documents\1SriLanka\1HP\Mobile\nvolunteers.htm --> ftp180.lolipop.jp /m nvolunteers.htm
2005.08.24 13:36 B C:\Documents and Settings\Osaka\My Documents\1SriLanka\1HP\Mobile\index.htm --> ftp180.lolipop.jp /m index.htm
2005.08.24 13:41 B C:\Documents and Settings\Osaka\My Documents\1SriLanka\1HP\Mobile\srilanka.htm --> ftp180.lolipop.jp /m srilanka.htm
2005.08.24 13:41 B C:\Documents and Settings\Osaka\My Documents\1SriLanka\1HP\Mobile\nepal.htm --> ftp180.lolipop.jp /m nepal.htm
2005.08.25 14:57 B C:\Documents and Settings\Osaka\My Documents\1SriLanka\1HP\Mobile\srilanka.htm --> ftp180.lolipop.jp /m srilanka.htm
2005.08.25 14:57 B C:\Documents and Settings\Osaka\My Documents\1SriLanka\1HP\Mobile\nepal.htm --> ftp180.lolipop.jp /m nepal.htm
2005.08.25 14:57 B C:\Documents and Settings\Osaka\My Documents\1SriLanka\1HP\Mobile\ncost.htm --> ftp180.lolipop.jp /m ncost.htm
2005.08.26 18:19 B C:\Documents and Settings\Osaka\My Documents\1SriLanka\1HP\Mobile\taiken2.htm --> ftp180.lolipop.jp /m taiken2.htm
2005.08.26 18:19 B C:\Documents and Settings\Osaka\My Documents\1SriLanka\1HP\Mobile\taiken1.htm --> ftp180.lolipop.jp /m taiken1.htm
2005.08.26 18:19 B C:\Documents and Settings\Osaka\My Documents\1SriLanka\1HP\Mobile\taiken4.htm --> ftp180.lolipop.jp /m taiken4.htm
2005.08.26 18:19 B C:\Documents and Settings\Osaka\My Documents\1SriLanka\1HP\Mobile\taiken3.htm --> ftp180.lolipop.jp /m taiken3.htm
2005.08.26 18:19 B C:\Documents and Settings\Osaka\My Documents\1SriLanka\1HP\Mobile\taiken7.htm --> ftp180.lolipop.jp /m taiken7.htm
2005.08.26 18:19 B C:\Documents and Settings\Osaka\My Documents\1SriLanka\1HP\Mobile\taiken6.htm --> ftp180.lolipop.jp /m taiken6.htm
2005.08.26 18:19 B C:\Documents and Settings\Osaka\My Documents\1SriLanka\1HP\Mobile\taiken5.htm --> ftp180.lolipop.jp /m taiken5.htm
2005.08.26 18:19 B C:\Documents and Settings\Osaka\My Documents\1SriLanka\1HP\Mobile\taiken8.htm --> ftp180.lolipop.jp /m taiken8.htm
2005.08.26 18:19 B C:\Documents and Settings\Osaka\My Documents\1SriLanka\1HP\Mobile\taiken.htm --> ftp180.lolipop.jp /m taiken.htm
2005.08.26 18:19 B C:\Documents and Settings\Osaka\My Documents\1SriLanka\1HP\Mobile\security.htm --> ftp180.lolipop.jp /m security.htm
2005.08.26 18:19 B C:\Documents and Settings\Osaka\My Documents\1SriLanka\1HP\Mobile\volunteers.htm --> ftp180.lolipop.jp /m volunteers.htm
2005.08.26 18:19 B C:\Documents and Settings\Osaka\My Documents\1SriLanka\1HP\Mobile\village.htm --> ftp180.lolipop.jp /m village.htm
2005.08.26 18:19 B C:\Documents and Settings\Osaka\My Documents\1SriLanka\1HP\Mobile\lesson.htm --> ftp180.lolipop.jp /m lesson.htm
2005.08.26 18:19 B C:\Documents and Settings\Osaka\My Documents\1SriLanka\1HP\Mobile\homestay.htm --> ftp180.lolipop.jp /m homestay.htm
2005.08.26 18:19 B C:\Documents and Settings\Osaka\My Documents\1SriLanka\1HP\Mobile\srilanka.htm --> ftp180.lolipop.jp /m srilanka.htm
2005.08.26 18:19 B C:\Documents and Settings\Osaka\My Documents\1SriLanka\1HP\Mobile\cost.htm --> ftp180.lolipop.jp /m cost.htm
2005.08.26 18:19 B C:\Documents and Settings\Osaka\My Documents\1SriLanka\1HP\Mobile\nsecurity.htm --> ftp180.lolipop.jp /m nsecurity.htm
2005.08.26 18:19 B C:\Documents and Settings\Osaka\My Documents\1SriLanka\1HP\Mobile\nhomestay.htm --> ftp180.lolipop.jp /m nhomestay.htm
2005.08.26 18:19 B C:\Documents and Settings\Osaka\My Documents\1SriLanka\1HP\Mobile\ncost.htm --> ftp180.lolipop.jp /m ncost.htm
2005.08.26 18:19 B C:\Documents and Settings\Osaka\My Documents\1SriLanka\1HP\Mobile\nvolunteers.htm --> ftp180.lolipop.jp /m nvolunteers.htm
2005.08.26 18:19 B C:\Documents and Settings\Osaka\My Documents\1SriLanka\1HP\Mobile\nlesson.htm --> ftp180.lolipop.jp /m nlesson.htm
2005.08.29 15:17 B C:\Documents and Settings\Osaka\My Documents\1SriLanka\1HP\Mobile\ncost.htm --> ftp180.lolipop.jp /m ncost.htm
2005.09.01 22:07 B C:\Documents and Settings\Osaka\My Documents\1SriLanka\1HP\Mobile\nepal.htm <-- Be-intl.com /m nepal.htm
2005.09.01 22:20 B C:\Documents and Settings\Osaka\My Documents\1SriLanka\1HP\Mobile\srilankatop.htm --> ftp180.lolipop.jp /m srilankatop.htm
2005.09.01 22:20 B C:\Documents and Settings\Osaka\My Documents\1SriLanka\1HP\Mobile\lesson.htm --> ftp180.lolipop.jp /m lesson.htm
2005.09.01 22:20 B C:\Documents and Settings\Osaka\My Documents\1SriLanka\1HP\Mobile\index.htm --> ftp180.lolipop.jp /m index.htm
2005.09.01 22:20 B C:\Documents and Settings\Osaka\My Documents\1SriLanka\1HP\Mobile\homestay.htm --> ftp180.lolipop.jp /m homestay.htm
2005.09.01 22:20 B C:\Documents and Settings\Osaka\My Documents\1SriLanka\1HP\Mobile\cost.htm --> ftp180.lolipop.jp /m cost.htm
2005.09.01 22:20 B C:\Documents and Settings\Osaka\My Documents\1SriLanka\1HP\Mobile\volunteers.htm --> ftp180.lolipop.jp /m volunteers.htm
2005.09.01 22:20 B C:\Documents and Settings\Osaka\My Documents\1SriLanka\1HP\Mobile\village.htm --> ftp180.lolipop.jp /m village.htm
2005.09.01 22:20 B C:\Documents and Settings\Osaka\My Documents\1SriLanka\1HP\Mobile\security.htm --> ftp180.lolipop.jp /m security.htm
2005.09.01 22:20 B C:\Documents and Settings\Osaka\My Documents\1SriLanka\1HP\Mobile\taiken8.htm --> ftp180.lolipop.jp /m taiken8.htm
2005.09.01 22:20 B C:\Documents and Settings\Osaka\My Documents\1SriLanka\1HP\Mobile\taiken7.htm --> ftp180.lolipop.jp /m taiken7.htm
2005.09.01 22:20 B C:\Documents and Settings\Osaka\My Documents\1SriLanka\1HP\Mobile\taiken.htm --> ftp180.lolipop.jp /m taiken.htm
2005.09.01 22:20 B C:\Documents and Settings\Osaka\My Documents\1SriLanka\1HP\Mobile\taiken6.htm --> ftp180.lolipop.jp /m taiken6.htm
2005.09.01 22:20 B C:\Documents and Settings\Osaka\My Documents\1SriLanka\1HP\Mobile\taiken5.htm --> ftp180.lolipop.jp /m taiken5.htm
2005.09.01 22:20 B C:\Documents and Settings\Osaka\My Documents\1SriLanka\1HP\Mobile\taiken4.htm --> ftp180.lolipop.jp /m taiken4.htm
2005.09.01 22:20 B C:\Documents and Settings\Osaka\My Documents\1SriLanka\1HP\Mobile\taiken3.htm --> ftp180.lolipop.jp /m taiken3.htm
2005.09.01 22:20 B C:\Documents and Settings\Osaka\My Documents\1SriLanka\1HP\Mobile\taiken2.htm --> ftp180.lolipop.jp /m taiken2.htm
2005.09.01 22:20 B C:\Documents and Settings\Osaka\My Documents\1SriLanka\1HP\Mobile\taiken1.htm --> ftp180.lolipop.jp /m taiken1.htm
2005.09.01 22:20 B C:\Documents and Settings\Osaka\My Documents\1SriLanka\1HP\Mobile\qa.htm --> ftp180.lolipop.jp /m qa.htm
2005.09.01 22:20 B C:\Documents and Settings\Osaka\My Documents\1SriLanka\1HP\Mobile\lec.htm --> ftp180.lolipop.jp /m lec.htm
2005.09.01 22:20 B C:\Documents and Settings\Osaka\My Documents\1SriLanka\1HP\Mobile\nvolunteers.htm --> ftp180.lolipop.jp /m nvolunteers.htm
2005.09.01 22:20 B C:\Documents and Settings\Osaka\My Documents\1SriLanka\1HP\Mobile\nlesson.htm --> ftp180.lolipop.jp /m nlesson.htm
2005.09.01 22:20 B C:\Documents and Settings\Osaka\My Documents\1SriLanka\1HP\Mobile\nhomestay.htm --> ftp180.lolipop.jp /m nhomestay.htm
2005.09.01 22:20 B C:\Documents and Settings\Osaka\My Documents\1SriLanka\1HP\Mobile\nsecurity.htm --> ftp180.lolipop.jp /m nsecurity.htm
2005.09.01 22:20 B C:\Documents and Settings\Osaka\My Documents\1SriLanka\1HP\Mobile\ncost.htm --> ftp180.lolipop.jp /m ncost.htm
2005.09.01 22:20 B C:\Documents and Settings\Osaka\My Documents\1SriLanka\1HP\Mobile\nepaltop.htm --> ftp180.lolipop.jp /m nepaltop.htm
2005.09.01 22:20 B C:\Documents and Settings\Osaka\My Documents\1SriLanka\1HP\Mobile\WS_FTP.LOG --> ftp180.lolipop.jp /m WS_FTP.LOG
2005.09.01 22:20 B C:\Documents and Settings\Osaka\My Documents\1SriLanka\1HP\Mobile\Thumbs.db --> ftp180.lolipop.jp /m Thumbs.db
2005.09.01 22:20 B C:\Documents and Settings\Osaka\My Documents\1SriLanka\1HP\Mobile\nepalt.htm --> ftp180.lolipop.jp /m nepalt.htm
2005.09.01 22:20 B C:\Documents and Settings\Osaka\My Documents\1SriLanka\1HP\Mobile\nimage12s.jpg --> ftp180.lolipop.jp /m nimage12s.jpg
2005.09.01 22:20 B C:\Documents and Settings\Osaka\My Documents\1SriLanka\1HP\Mobile\srilanka.htm --> ftp180.lolipop.jp /m srilanka.htm
2005.09.01 22:20 B C:\Documents and Settings\Osaka\My Documents\1SriLanka\1HP\Mobile\image2-3s.jpg --> ftp180.lolipop.jp /m image2-3s.jpg
2005.09.01 22:20 B C:\Documents and Settings\Osaka\My Documents\1SriLanka\1HP\Mobile\program.htm --> ftp180.lolipop.jp /m program.htm
2005.09.01 22:23 B C:\Documents and Settings\Osaka\My Documents\1SriLanka\1HP\Mobile\nepal.htm --> ftp180.lolipop.jp /m nepal.htm
2005.09.11 16:56 B C:\Documents and Settings\Osaka\My Documents\1SriLanka\1HP\Mobile\nvolunteers.htm --> ftp180.lolipop.jp /m nvolunteers.htm
2005.09.11 16:56 B C:\Documents and Settings\Osaka\My Documents\1SriLanka\1HP\Mobile\nlesson.htm --> ftp180.lolipop.jp /m nlesson.htm
2005.09.11 16:56 B C:\Documents and Settings\Osaka\My Documents\1SriLanka\1HP\Mobile\index.htm --> ftp180.lolipop.jp /m index.htm
2005.09.11 16:56 B C:\Documents and Settings\Osaka\My Documents\1SriLanka\1HP\Mobile\village.htm --> ftp180.lolipop.jp /m village.htm
2005.09.11 16:56 B C:\Documents and Settings\Osaka\My Documents\1SriLanka\1HP\Mobile\homestay.htm --> ftp180.lolipop.jp /m homestay.htm
2005.09.11 16:56 B C:\Documents and Settings\Osaka\My Documents\1SriLanka\1HP\Mobile\program.htm --> ftp180.lolipop.jp /m program.htm
2005.09.11 16:56 B C:\Documents and Settings\Osaka\My Documents\1SriLanka\1HP\Mobile\lesson.htm --> ftp180.lolipop.jp /m lesson.htm
2005.09.11 16:56 B C:\Documents and Settings\Osaka\My Documents\1SriLanka\1HP\Mobile\taiken.htm --> ftp180.lolipop.jp /m taiken.htm
2005.09.11 16:56 B C:\Documents and Settings\Osaka\My Documents\1SriLanka\1HP\Mobile\qa.htm --> ftp180.lolipop.jp /m qa.htm
2005.09.11 16:56 B C:\Documents and Settings\Osaka\My Documents\1SriLanka\1HP\Mobile\volunteers.htm --> ftp180.lolipop.jp /m volunteers.htm
2005.09.12 15:58 B C:\Documents and Settings\Osaka\My Documents\1SriLanka\1HP\Mobile\nhomestay.htm --> ftp180.lolipop.jp /m nhomestay.htm
2005.09.12 15:58 B C:\Documents and Settings\Osaka\My Documents\1SriLanka\1HP\Mobile\homestay.htm --> ftp180.lolipop.jp /m homestay.htm
2005.10.18 19:02 B C:\Documents and Settings\Osaka\My Documents\1SriLanka\1HP\Mobile\ncost.htm --> ftp180.lolipop.jp /m ncost.htm
2005.10.18 19:02 B C:\Documents and Settings\Osaka\My Documents\1SriLanka\1HP\Mobile\nvolunteers.htm --> ftp180.lolipop.jp /m nvolunteers.htm
2005.10.18 19:02 B C:\Documents and Settings\Osaka\My Documents\1SriLanka\1HP\Mobile\nsecurity.htm --> ftp180.lolipop.jp /m nsecurity.htm
2005.10.18 19:02 B C:\Documents and Settings\Osaka\My Documents\1SriLanka\1HP\Mobile\nlesson.htm --> ftp180.lolipop.jp /m nlesson.htm
2005.10.18 19:02 B C:\Documents and Settings\Osaka\My Documents\1SriLanka\1HP\Mobile\nhomestay.htm --> ftp180.lolipop.jp /m nhomestay.htm
2005.10.18 19:02 B C:\Documents and Settings\Osaka\My Documents\1SriLanka\1HP\Mobile\nepaltop.htm --> ftp180.lolipop.jp /m nepaltop.htm
2005.10.18 19:02 B C:\Documents and Settings\Osaka\My Documents\1SriLanka\1HP\Mobile\taiken9.htm --> ftp180.lolipop.jp /m taiken9.htm
2005.10.18 19:02 B C:\Documents and Settings\Osaka\My Documents\1SriLanka\1HP\Mobile\taiken.htm --> ftp180.lolipop.jp /m taiken.htm
2005.10.18 19:02 B C:\Documents and Settings\Osaka\My Documents\1SriLanka\1HP\Mobile\nepal.htm --> ftp180.lolipop.jp /m nepal.htm
2005.10.18 19:03 B C:\Documents and Settings\Osaka\My Documents\1SriLanka\1HP\Mobile\taiken9.htm --> ftp180.lolipop.jp /m taiken9.htm
2005.10.25 21:07 B C:\Documents and Settings\Osaka\My Documents\1SriLanka\1HP\Mobile\ncost.htm --> ftp180.lolipop.jp /m ncost.htm
2005.10.30 10:10 B C:\Documents and Settings\Osaka\My Documents\1SriLanka\1HP\Mobile\program.htm --> ftp180.lolipop.jp /m program.htm
2005.10.30 10:10 B C:\Documents and Settings\Osaka\My Documents\1SriLanka\1HP\Mobile\qa.htm --> ftp180.lolipop.jp /m qa.htm
2005.10.30 10:10 B C:\Documents and Settings\Osaka\My Documents\1SriLanka\1HP\Mobile\lec.htm --> ftp180.lolipop.jp /m lec.htm
2005.10.30 10:10 B C:\Documents and Settings\Osaka\My Documents\1SriLanka\1HP\Mobile\index.htm --> ftp180.lolipop.jp /m index.htm
2005.11.01 00:30 B C:\Documents and Settings\Osaka\My Documents\1SriLanka\1HP\Mobile\volunteers.htm --> ftp180.lolipop.jp /m volunteers.htm
2005.11.01 18:29 B C:\Documents and Settings\Osaka\My Documents\1SriLanka\1HP\Mobile\index.htm --> ftp180.lolipop.jp /m index.htm
2005.11.01 18:29 B C:\Documents and Settings\Osaka\My Documents\1SriLanka\1HP\Mobile\volunteers.htm --> ftp180.lolipop.jp /m volunteers.htm
2005.11.01 18:32 B C:\Documents and Settings\Osaka\My Documents\1SriLanka\1HP\Mobile\index.htm --> ftp180.lolipop.jp /m index.htm
2005.11.01 20:13 B C:\Documents and Settings\Osaka\My Documents\1SriLanka\1HP\Mobile\index.htm --> ftp180.lolipop.jp /m index.htm
2005.11.01 20:13 B C:\Documents and Settings\Osaka\My Documents\1SriLanka\1HP\Mobile\volunteers.htm --> ftp180.lolipop.jp /m volunteers.htm
2005.12.23 22:57 B C:\Documents and Settings\Osaka\My Documents\1SriLanka\1HP\Mobile\index.htm --> ftp180.lolipop.jp /m index.htm
2005.12.23 23:00 B C:\Documents and Settings\Osaka\My Documents\1SriLanka\1HP\Mobile\index.htm --> ftp180.lolipop.jp /m index.htm
2006.02.01 01:45 B C:\Documents and Settings\Osaka\My Documents\1SriLanka\1HP\Mobile\cost.htm --> ftp180.lolipop.jp /m cost.htm
2006.02.01 01:45 B C:\Documents and Settings\Osaka\My Documents\1SriLanka\1HP\Mobile\index.htm --> ftp180.lolipop.jp /m index.htm
2006.02.01 02:07 B C:\Documents and Settings\Osaka\My Documents\1SriLanka\1HP\Mobile\volunteers.htm --> ftp180.lolipop.jp /m volunteers.htm
2006.02.01 02:07 B C:\Documents and Settings\Osaka\My Documents\1SriLanka\1HP\Mobile\village.htm --> ftp180.lolipop.jp /m village.htm
2006.02.01 02:07 B C:\Documents and Settings\Osaka\My Documents\1SriLanka\1HP\Mobile\taiken9.htm --> ftp180.lolipop.jp /m taiken9.htm
2006.02.01 02:07 B C:\Documents and Settings\Osaka\My Documents\1SriLanka\1HP\Mobile\taiken.htm --> ftp180.lolipop.jp /m taiken.htm
2006.02.01 02:07 B C:\Documents and Settings\Osaka\My Documents\1SriLanka\1HP\Mobile\taiken8.htm --> ftp180.lolipop.jp /m taiken8.htm
2006.02.01 02:07 B C:\Documents and Settings\Osaka\My Documents\1SriLanka\1HP\Mobile\taiken7.htm --> ftp180.lolipop.jp /m taiken7.htm
2006.02.01 02:07 B C:\Documents and Settings\Osaka\My Documents\1SriLanka\1HP\Mobile\taiken6.htm --> ftp180.lolipop.jp /m taiken6.htm
2006.02.01 02:07 B C:\Documents and Settings\Osaka\My Documents\1SriLanka\1HP\Mobile\taiken5.htm --> ftp180.lolipop.jp /m taiken5.htm
2006.02.01 02:07 B C:\Documents and Settings\Osaka\My Documents\1SriLanka\1HP\Mobile\taiken4.htm --> ftp180.lolipop.jp /m taiken4.htm
2006.02.01 02:07 B C:\Documents and Settings\Osaka\My Documents\1SriLanka\1HP\Mobile\taiken3.htm --> ftp180.lolipop.jp /m taiken3.htm
2006.02.01 02:07 B C:\Documents and Settings\Osaka\My Documents\1SriLanka\1HP\Mobile\taiken2.htm --> ftp180.lolipop.jp /m taiken2.htm
2006.02.01 02:07 B C:\Documents and Settings\Osaka\My Documents\1SriLanka\1HP\Mobile\taiken1.htm --> ftp180.lolipop.jp /m taiken1.htm
2006.02.01 02:07 B C:\Documents and Settings\Osaka\My Documents\1SriLanka\1HP\Mobile\srilankatop.htm --> ftp180.lolipop.jp /m srilankatop.htm
2006.02.01 02:07 B C:\Documents and Settings\Osaka\My Documents\1SriLanka\1HP\Mobile\srilanka.htm --> ftp180.lolipop.jp /m srilanka.htm
2006.02.01 02:07 B C:\Documents and Settings\Osaka\My Documents\1SriLanka\1HP\Mobile\security.htm --> ftp180.lolipop.jp /m security.htm
2006.02.01 02:07 B C:\Documents and Settings\Osaka\My Documents\1SriLanka\1HP\Mobile\qa.htm --> ftp180.lolipop.jp /m qa.htm
2006.02.01 02:07 B C:\Documents and Settings\Osaka\My Documents\1SriLanka\1HP\Mobile\program.htm --> ftp180.lolipop.jp /m program.htm
2006.02.01 02:07 B C:\Documents and Settings\Osaka\My Documents\1SriLanka\1HP\Mobile\nvolunteers.htm --> ftp180.lolipop.jp /m nvolunteers.htm
2006.02.01 02:07 B C:\Documents and Settings\Osaka\My Documents\1SriLanka\1HP\Mobile\nsecurity.htm --> ftp180.lolipop.jp /m nsecurity.htm
2006.02.01 02:07 B C:\Documents and Settings\Osaka\My Documents\1SriLanka\1HP\Mobile\nlesson.htm --> ftp180.lolipop.jp /m nlesson.htm
2006.02.01 02:07 B C:\Documents and Settings\Osaka\My Documents\1SriLanka\1HP\Mobile\nhomestay.htm --> ftp180.lolipop.jp /m nhomestay.htm
2006.02.01 02:07 B C:\Documents and Settings\Osaka\My Documents\1SriLanka\1HP\Mobile\nepaltop.htm --> ftp180.lolipop.jp /m nepaltop.htm
2006.02.01 02:07 B C:\Documents and Settings\Osaka\My Documents\1SriLanka\1HP\Mobile\nepal.htm --> ftp180.lolipop.jp /m nepal.htm
2006.02.01 02:07 B C:\Documents and Settings\Osaka\My Documents\1SriLanka\1HP\Mobile\lesson.htm --> ftp180.lolipop.jp /m lesson.htm
2006.02.01 02:07 B C:\Documents and Settings\Osaka\My Documents\1SriLanka\1HP\Mobile\ncost.htm --> ftp180.lolipop.jp /m ncost.htm
2006.02.01 02:07 B C:\Documents and Settings\Osaka\My Documents\1SriLanka\1HP\Mobile\lec.htm --> ftp180.lolipop.jp /m lec.htm
2006.02.01 02:07 B C:\Documents and Settings\Osaka\My Documents\1SriLanka\1HP\Mobile\cost.htm --> ftp180.lolipop.jp /m cost.htm
2006.02.01 02:07 B C:\Documents and Settings\Osaka\My Documents\1SriLanka\1HP\Mobile\index.htm --> ftp180.lolipop.jp /m index.htm
2006.02.01 02:07 B C:\Documents and Settings\Osaka\My Documents\1SriLanka\1HP\Mobile\homestay.htm --> ftp180.lolipop.jp /m homestay.htm
2006.02.01 02:09 B C:\Documents and Settings\Osaka\My Documents\1SriLanka\1HP\Mobile\index.htm --> ftp180.lolipop.jp /m index.htm
2006.02.13 09:09 B C:\Documents and Settings\Osaka\My Documents\1SriLanka\1HP\Mobile\1留学・翻訳料金計算表最終.xls --> ftp180.lolipop.jp /test 最終.xls
2006.02.13 09:09 B C:\Documents and Settings\Osaka\My Documents\1SriLanka\1HP\Mobile\about payment_______.eml --> ftp180.lolipop.jp /test about payment_______.eml
2006.02.26 13:39 B C:\Documents and Settings\Osaka\My Documents\1SriLanka\1HP\Mobile\nvolunteers.htm --> ftp180.lolipop.jp /m nvolunteers.htm
2006.02.26 13:39 B C:\Documents and Settings\Osaka\My Documents\1SriLanka\1HP\Mobile\nsecurity.htm --> ftp180.lolipop.jp /m nsecurity.htm
2006.02.26 13:39 B C:\Documents and Settings\Osaka\My Documents\1SriLanka\1HP\Mobile\ncost.htm --> ftp180.lolipop.jp /m ncost.htm
2006.02.26 13:39 B C:\Documents and Settings\Osaka\My Documents\1SriLanka\1HP\Mobile\nlesson.htm --> ftp180.lolipop.jp /m nlesson.htm
2006.02.26 13:39 B C:\Documents and Settings\Osaka\My Documents\1SriLanka\1HP\Mobile\nhomestay.htm --> ftp180.lolipop.jp /m nhomestay.htm
2006.02.26 13:39 B C:\Documents and Settings\Osaka\My Documents\1SriLanka\1HP\Mobile\nepaltop.htm --> ftp180.lolipop.jp /m nepaltop.htm
2006.02.26 13:39 B C:\Documents and Settings\Osaka\My Documents\1SriLanka\1HP\Mobile\nepal.htm --> ftp180.lolipop.jp /m nepal.htm
2006.02.26 13:39 B C:\Documents and Settings\Osaka\My Documents\1SriLanka\1HP\Mobile\taiken.htm --> ftp180.lolipop.jp /m taiken.htm
2006.02.26 13:39 B C:\Documents and Settings\Osaka\My Documents\1SriLanka\1HP\Mobile\security.htm --> ftp180.lolipop.jp /m security.htm
2006.02.26 13:39 B C:\Documents and Settings\Osaka\My Documents\1SriLanka\1HP\Mobile\qa.htm --> ftp180.lolipop.jp /m qa.htm
2006.02.26 13:39 B C:\Documents and Settings\Osaka\My Documents\1SriLanka\1HP\Mobile\lec.htm --> ftp180.lolipop.jp /m lec.htm
2006.02.26 13:39 B C:\Documents and Settings\Osaka\My Documents\1SriLanka\1HP\Mobile\cost.htm --> ftp180.lolipop.jp /m cost.htm
2006.02.26 13:39 B C:\Documents and Settings\Osaka\My Documents\1SriLanka\1HP\Mobile\village.htm --> ftp180.lolipop.jp /m village.htm
2006.02.26 13:39 B C:\Documents and Settings\Osaka\My Documents\1SriLanka\1HP\Mobile\srilanka.htm --> ftp180.lolipop.jp /m srilanka.htm
2006.02.26 13:39 B C:\Documents and Settings\Osaka\My Documents\1SriLanka\1HP\Mobile\lesson.htm --> ftp180.lolipop.jp /m lesson.htm
2006.02.26 13:39 B C:\Documents and Settings\Osaka\My Documents\1SriLanka\1HP\Mobile\homestay.htm --> ftp180.lolipop.jp /m homestay.htm
2006.02.26 13:39 B C:\Documents and Settings\Osaka\My Documents\1SriLanka\1HP\Mobile\volunteers.htm --> ftp180.lolipop.jp /m volunteers.htm
2006.02.26 13:39 B C:\Documents and Settings\Osaka\My Documents\1SriLanka\1HP\Mobile\program.htm --> ftp180.lolipop.jp /m program.htm
2006.02.26 13:39 B C:\Documents and Settings\Osaka\My Documents\1SriLanka\1HP\Mobile\index.htm --> ftp180.lolipop.jp /m index.htm
2006.03.12 17:19 B C:\Documents and Settings\Osaka\My Documents\1SriLanka\1HP\Mobile\taiken11.htm --> ftp180.lolipop.jp /m taiken11.htm
2006.03.12 17:21 B C:\Documents and Settings\Osaka\My Documents\1SriLanka\1HP\Mobile\taiken11.htm --> ftp180.lolipop.jp /m taiken11.htm
2006.03.12 17:22 B C:\Documents and Settings\Osaka\My Documents\1SriLanka\1HP\Mobile\taiken11.htm --> ftp180.lolipop.jp /test taiken11.htm
2006.03.12 17:35 B C:\Documents and Settings\Osaka\My Documents\1SriLanka\1HP\Mobile\fujiwarasamaS.jpg --> ftp180.lolipop.jp /test fujiwarasamaS.jpg
2006.03.12 17:36 B C:\Documents and Settings\Osaka\My Documents\1SriLanka\1HP\Mobile\taiken11.htm --> ftp180.lolipop.jp /test taiken11.htm
2006.03.12 20:02 B C:\Documents and Settings\Osaka\My Documents\1SriLanka\1HP\Mobile\taiken.htm --> ftp180.lolipop.jp /m taiken.htm
2006.03.12 20:02 B C:\Documents and Settings\Osaka\My Documents\1SriLanka\1HP\Mobile\shimizusama2S.jpg --> ftp180.lolipop.jp /m shimizusama2S.jpg
2006.03.12 20:05 B C:\Documents and Settings\Osaka\My Documents\1SriLanka\1HP\Mobile\taiken10.htm --> ftp180.lolipop.jp /m taiken10.htm
2006.03.12 20:05 B C:\Documents and Settings\Osaka\My Documents\1SriLanka\1HP\Mobile\taiken.htm --> ftp180.lolipop.jp /m taiken.htm
2006.03.12 20:06 B C:\Documents and Settings\Osaka\My Documents\1SriLanka\1HP\Mobile\shimizusama3S.jpg --> ftp180.lolipop.jp /m shimizusama3S.jpg
2006.03.12 20:09 B C:\Documents and Settings\Osaka\My Documents\1SriLanka\1HP\Mobile\taiken10.htm --> ftp180.lolipop.jp /m taiken10.htm
2006.03.12 20:28 B C:\Documents and Settings\Osaka\My Documents\1SriLanka\1HP\Mobile\index.htm --> ftp180.lolipop.jp /m index.htm
2006.03.12 20:28 B C:\Documents and Settings\Osaka\My Documents\1SriLanka\1HP\Mobile\fujiwarasama2S.jpg --> ftp180.lolipop.jp /m fujiwarasama2S.jpg
2006.03.12 20:28 B C:\Documents and Settings\Osaka\My Documents\1SriLanka\1HP\Mobile\qa.htm --> ftp180.lolipop.jp /m qa.htm
2006.03.12 20:28 B C:\Documents and Settings\Osaka\My Documents\1SriLanka\1HP\Mobile\taiken9.htm --> ftp180.lolipop.jp /m taiken9.htm
2006.03.12 20:28 B C:\Documents and Settings\Osaka\My Documents\1SriLanka\1HP\Mobile\taiken8.htm --> ftp180.lolipop.jp /m taiken8.htm
2006.03.12 20:28 B C:\Documents and Settings\Osaka\My Documents\1SriLanka\1HP\Mobile\taiken7.htm --> ftp180.lolipop.jp /m taiken7.htm
2006.03.12 20:28 B C:\Documents and Settings\Osaka\My Documents\1SriLanka\1HP\Mobile\taiken6.htm --> ftp180.lolipop.jp /m taiken6.htm
2006.03.12 20:28 B C:\Documents and Settings\Osaka\My Documents\1SriLanka\1HP\Mobile\taiken5.htm --> ftp180.lolipop.jp /m taiken5.htm
2006.03.12 20:28 B C:\Documents and Settings\Osaka\My Documents\1SriLanka\1HP\Mobile\taiken4.htm --> ftp180.lolipop.jp /m taiken4.htm
2006.03.12 20:28 B C:\Documents and Settings\Osaka\My Documents\1SriLanka\1HP\Mobile\taiken3.htm --> ftp180.lolipop.jp /m taiken3.htm
2006.03.12 20:28 B C:\Documents and Settings\Osaka\My Documents\1SriLanka\1HP\Mobile\takatsukisanS.jpg --> ftp180.lolipop.jp /m takatsukisanS.jpg
2006.03.12 20:28 B C:\Documents and Settings\Osaka\My Documents\1SriLanka\1HP\Mobile\taiken2.htm --> ftp180.lolipop.jp /m taiken2.htm
2006.03.12 20:28 B C:\Documents and Settings\Osaka\My Documents\1SriLanka\1HP\Mobile\taiken1.htm --> ftp180.lolipop.jp /m taiken1.htm
2006.03.12 20:28 B C:\Documents and Settings\Osaka\My Documents\1SriLanka\1HP\Mobile\taiken10.htm --> ftp180.lolipop.jp /m taiken10.htm
2006.03.12 20:28 B C:\Documents and Settings\Osaka\My Documents\1SriLanka\1HP\Mobile\taiken.htm --> ftp180.lolipop.jp /m taiken.htm
2006.03.12 20:28 B C:\Documents and Settings\Osaka\My Documents\1SriLanka\1HP\Mobile\shimizusama3S.jpg --> ftp180.lolipop.jp /m shimizusama3S.jpg
2006.03.12 20:28 B C:\Documents and Settings\Osaka\My Documents\1SriLanka\1HP\Mobile\shimizusama1S.jpg --> ftp180.lolipop.jp /m shimizusama1S.jpg
2006.03.12 20:28 B C:\Documents and Settings\Osaka\My Documents\1SriLanka\1HP\Mobile\shimizusama2S.jpg --> ftp180.lolipop.jp /m shimizusama2S.jpg
2006.03.12 20:28 B C:\Documents and Settings\Osaka\My Documents\1SriLanka\1HP\Mobile\itosamaS.jpg --> ftp180.lolipop.jp /m itosamaS.jpg
2006.03.12 20:28 B C:\Documents and Settings\Osaka\My Documents\1SriLanka\1HP\Mobile\suganumasamaS.jpg --> ftp180.lolipop.jp /m suganumasamaS.jpg
2006.03.12 20:28 B C:\Documents and Settings\Osaka\My Documents\1SriLanka\1HP\Mobile\tokumotosamaS.jpg --> ftp180.lolipop.jp /m tokumotosamaS.jpg
2006.03.12 20:28 B C:\Documents and Settings\Osaka\My Documents\1SriLanka\1HP\Mobile\kanekosamaS.jpg --> ftp180.lolipop.jp /m kanekosamaS.jpg
2006.03.12 20:28 B C:\Documents and Settings\Osaka\My Documents\1SriLanka\1HP\Mobile\kadotanisanS.jpg --> ftp180.lolipop.jp /m kadotanisanS.jpg
2006.03.12 20:28 B C:\Documents and Settings\Osaka\My Documents\1SriLanka\1HP\Mobile\satosanS.jpg --> ftp180.lolipop.jp /m satosanS.jpg
2006.03.12 20:28 B C:\Documents and Settings\Osaka\My Documents\1SriLanka\1HP\Mobile\matsumotosanS.jpg --> ftp180.lolipop.jp /m matsumotosanS.jpg
2006.03.12 20:28 B C:\Documents and Settings\Osaka\My Documents\1SriLanka\1HP\Mobile\takahashisanS.jpg --> ftp180.lolipop.jp /m takahashisanS.jpg
2006.03.12 20:28 B C:\Documents and Settings\Osaka\My Documents\1SriLanka\1HP\Mobile\taiken11.htm --> ftp180.lolipop.jp /m taiken11.htm
2006.03.12 20:28 B C:\Documents and Settings\Osaka\My Documents\1SriLanka\1HP\Mobile\fujiwarasama1S.jpg --> ftp180.lolipop.jp /m fujiwarasama1S.jpg
2006.03.12 20:29 B C:\Documents and Settings\Osaka\My Documents\1SriLanka\1HP\Mobile\taiken11.htm --> ftp180.lolipop.jp /m taiken11.htm
2006.03.12 20:37 B C:\Documents and Settings\Osaka\My Documents\1SriLanka\1HP\Mobile\taiken7.htm --> ftp180.lolipop.jp /m taiken7.htm
2006.03.12 20:37 B C:\Documents and Settings\Osaka\My Documents\1SriLanka\1HP\Mobile\tokumotosamaS.jpg --> ftp180.lolipop.jp /m tokumotosamaS.jpg
2006.03.19 23:06 B C:\Documents and Settings\Osaka\My Documents\1SriLanka\1HP\Mobile\taiken11.htm --> ftp180.lolipop.jp /m taiken11.htm
2006.03.19 23:06 B C:\Documents and Settings\Osaka\My Documents\1SriLanka\1HP\Mobile\taiken.htm --> ftp180.lolipop.jp /m taiken.htm
2006.03.20 22:33 B C:\Documents and Settings\Osaka\My Documents\1SriLanka\1HP\Mobile\taiken11.htm --> ftp180.lolipop.jp /m taiken11.htm
2006.03.22 23:55 B C:\Documents and Settings\Osaka\My Documents\1SriLanka\1HP\Mobile\taiken3.htm --> ftp180.lolipop.jp /m taiken3.htm
2006.03.22 23:55 B C:\Documents and Settings\Osaka\My Documents\1SriLanka\1HP\Mobile\taiken5.htm --> ftp180.lolipop.jp /m taiken5.htm
2006.03.22 23:55 B C:\Documents and Settings\Osaka\My Documents\1SriLanka\1HP\Mobile\taiken4.htm --> ftp180.lolipop.jp /m taiken4.htm
2006.03.22 23:55 B C:\Documents and Settings\Osaka\My Documents\1SriLanka\1HP\Mobile\taiken6.htm --> ftp180.lolipop.jp /m taiken6.htm
2006.03.22 23:55 B C:\Documents and Settings\Osaka\My Documents\1SriLanka\1HP\Mobile\taiken8.htm --> ftp180.lolipop.jp /m taiken8.htm
2006.03.22 23:55 B C:\Documents and Settings\Osaka\My Documents\1SriLanka\1HP\Mobile\taiken7.htm --> ftp180.lolipop.jp /m taiken7.htm
2006.03.22 23:55 B C:\Documents and Settings\Osaka\My Documents\1SriLanka\1HP\Mobile\taiken11.htm --> ftp180.lolipop.jp /m taiken11.htm
2006.03.22 23:55 B C:\Documents and Settings\Osaka\My Documents\1SriLanka\1HP\Mobile\taiken10.htm --> ftp180.lolipop.jp /m taiken10.htm
2006.03.23 00:02 B C:\Documents and Settings\Osaka\My Documents\1SriLanka\1HP\Mobile\homestay.htm --> ftp180.lolipop.jp /m homestay.htm
2006.03.23 00:02 B C:\Documents and Settings\Osaka\My Documents\1SriLanka\1HP\Mobile\taiken3.htm --> ftp180.lolipop.jp /m taiken3.htm
2006.03.23 00:02 B C:\Documents and Settings\Osaka\My Documents\1SriLanka\1HP\Mobile\taiken5.htm --> ftp180.lolipop.jp /m taiken5.htm
2006.03.23 00:02 B C:\Documents and Settings\Osaka\My Documents\1SriLanka\1HP\Mobile\taiken4.htm --> ftp180.lolipop.jp /m taiken4.htm
2006.03.23 00:02 B C:\Documents and Settings\Osaka\My Documents\1SriLanka\1HP\Mobile\taiken6.htm --> ftp180.lolipop.jp /m taiken6.htm
2006.03.23 00:02 B C:\Documents and Settings\Osaka\My Documents\1SriLanka\1HP\Mobile\taiken8.htm --> ftp180.lolipop.jp /m taiken8.htm
2006.03.23 00:02 B C:\Documents and Settings\Osaka\My Documents\1SriLanka\1HP\Mobile\taiken7.htm --> ftp180.lolipop.jp /m taiken7.htm
2006.03.23 00:02 B C:\Documents and Settings\Osaka\My Documents\1SriLanka\1HP\Mobile\taiken11.htm --> ftp180.lolipop.jp /m taiken11.htm
2006.03.23 00:02 B C:\Documents and Settings\Osaka\My Documents\1SriLanka\1HP\Mobile\taiken10.htm --> ftp180.lolipop.jp /m taiken10.htm
2006.03.23 00:02 B C:\Documents and Settings\Osaka\My Documents\1SriLanka\1HP\Mobile\taiken.htm --> ftp180.lolipop.jp /m taiken.htm
2006.06.03 13:35 B C:\Documents and Settings\Osaka\My Documents\1SriLanka\1HP\Mobile\taiken13.htm --> ftp180.lolipop.jp /m taiken13.htm
2006.06.03 13:35 B C:\Documents and Settings\Osaka\My Documents\1SriLanka\1HP\Mobile\index.htm --> ftp180.lolipop.jp /m index.htm
2006.06.03 13:35 B C:\Documents and Settings\Osaka\My Documents\1SriLanka\1HP\Mobile\yamanakasama2S.jpg --> ftp180.lolipop.jp /m yamanakasama2S.jpg
2006.06.03 13:35 B C:\Documents and Settings\Osaka\My Documents\1SriLanka\1HP\Mobile\yoshizakisama1S.jpg --> ftp180.lolipop.jp /m yoshizakisama1S.jpg
2006.06.03 13:35 B C:\Documents and Settings\Osaka\My Documents\1SriLanka\1HP\Mobile\yamanakasama1S.jpg --> ftp180.lolipop.jp /m yamanakasama1S.jpg
2006.06.03 13:35 B C:\Documents and Settings\Osaka\My Documents\1SriLanka\1HP\Mobile\taiken12.htm --> ftp180.lolipop.jp /m taiken12.htm
2006.06.03 13:35 B C:\Documents and Settings\Osaka\My Documents\1SriLanka\1HP\Mobile\taiken.htm --> ftp180.lolipop.jp /m taiken.htm
2006.06.03 13:47 B C:\Documents and Settings\Osaka\My Documents\1SriLanka\1HP\Mobile\index.htm --> ftp180.lolipop.jp /m index.htm
2006.09.21 01:42 B C:\Documents and Settings\Osaka\My Documents\1SriLanka\1HP\Mobile\taiken.htm <-- Be-intl.com /m taiken.htm
2006.09.21 01:42 B C:\Documents and Settings\Osaka\My Documents\1SriLanka\1HP\Mobile\tamayosesama2S.jpg <-- Be-intl.com /m tamayosesama2S.jpg
2006.09.21 01:42 B C:\Documents and Settings\Osaka\My Documents\1SriLanka\1HP\Mobile\tamayosesama1S.jpg <-- Be-intl.com /m tamayosesama1S.jpg
2006.09.21 01:42 B C:\Documents and Settings\Osaka\My Documents\1SriLanka\1HP\Mobile\taiken16.htm <-- Be-intl.com /m taiken16.htm
2006.09.21 01:42 B C:\Documents and Settings\Osaka\My Documents\1SriLanka\1HP\Mobile\taiken15.htm <-- Be-intl.com /m taiken15.htm
2006.09.21 01:42 B C:\Documents and Settings\Osaka\My Documents\1SriLanka\1HP\Mobile\taiken14.htm <-- Be-intl.com /m taiken14.htm
2006.09.21 01:42 B C:\Documents and Settings\Osaka\My Documents\1SriLanka\1HP\Mobile\srilanka.htm <-- Be-intl.com /m srilanka.htm
2006.09.21 01:42 B C:\Documents and Settings\Osaka\My Documents\1SriLanka\1HP\Mobile\qa.htm <-- Be-intl.com /m qa.htm
2006.09.21 01:42 B C:\Documents and Settings\Osaka\My Documents\1SriLanka\1HP\Mobile\nodasama2S.jpg <-- Be-intl.com /m nodasama2S.jpg
2006.09.21 01:42 B C:\Documents and Settings\Osaka\My Documents\1SriLanka\1HP\Mobile\nodasama1S.jpg <-- Be-intl.com /m nodasama1S.jpg
2006.09.21 01:42 B C:\Documents and Settings\Osaka\My Documents\1SriLanka\1HP\Mobile\nhomestay.htm <-- Be-intl.com /m nhomestay.htm
2006.09.21 01:42 B C:\Documents and Settings\Osaka\My Documents\1SriLanka\1HP\Mobile\ishikawasama3S.jpg <-- Be-intl.com /m ishikawasama3S.jpg
2006.09.21 01:42 B C:\Documents and Settings\Osaka\My Documents\1SriLanka\1HP\Mobile\ishikawasama2S.jpg <-- Be-intl.com /m ishikawasama2S.jpg
2006.09.21 01:42 B C:\Documents and Settings\Osaka\My Documents\1SriLanka\1HP\Mobile\ishikawasama1S.jpg <-- Be-intl.com /m ishikawasama1S.jpg
2006.09.21 01:42 B C:\Documents and Settings\Osaka\My Documents\1SriLanka\1HP\Mobile\index.htm <-- Be-intl.com /m index.htm
2006.09.21 01:42 B C:\Documents and Settings\Osaka\My Documents\1SriLanka\1HP\Mobile\imageE.jpg <-- Be-intl.com /m imageE.jpg
2006.09.21 01:42 B C:\Documents and Settings\Osaka\My Documents\1SriLanka\1HP\Mobile\imageD.jpg <-- Be-intl.com /m imageD.jpg
2006.09.21 01:42 B C:\Documents and Settings\Osaka\My Documents\1SriLanka\1HP\Mobile\homestay.htm <-- Be-intl.com /m homestay.htm
2006.09.21 01:42 B C:\Documents and Settings\Osaka\My Documents\1SriLanka\1HP\Mobile\cost.htm <-- Be-intl.com /m cost.htm
2006.09.21 01:44 B C:\Documents and Settings\Osaka\My Documents\1SriLanka\1HP\Mobile\taiken14.htm --> ftp180.lolipop.jp /m taiken14.htm
2006.09.21 01:46 B C:\Documents and Settings\Osaka\My Documents\1SriLanka\1HP\Mobile\index.htm --> ftp180.lolipop.jp /m index.htm
2006.09.21 01:56 B C:\Documents and Settings\Osaka\My Documents\1SriLanka\1HP\Mobile\taiken.htm --> ftp180.lolipop.jp /m taiken.htm
2006.09.21 01:56 B C:\Documents and Settings\Osaka\My Documents\1SriLanka\1HP\Mobile\nodasama3S.jpg --> ftp180.lolipop.jp /m nodasama3S.jpg
2006.09.21 01:56 B C:\Documents and Settings\Osaka\My Documents\1SriLanka\1HP\Mobile\imageD.jpg --> ftp180.lolipop.jp /m imageD.jpg
2006.10.12 10:06 B C:\Documents and Settings\Osaka\My Documents\1SriLanka\1HP\Mobile\taiken19.htm --> ftp180.lolipop.jp /m taiken19.htm
2006.10.12 10:06 B C:\Documents and Settings\Osaka\My Documents\1SriLanka\1HP\Mobile\taiken17.htm --> ftp180.lolipop.jp /m taiken17.htm
2006.10.12 10:06 B C:\Documents and Settings\Osaka\My Documents\1SriLanka\1HP\Mobile\taiken18.htm --> ftp180.lolipop.jp /m taiken18.htm
2006.10.12 10:06 B C:\Documents and Settings\Osaka\My Documents\1SriLanka\1HP\Mobile\taiken.htm --> ftp180.lolipop.jp /m taiken.htm
2006.10.12 10:06 B C:\Documents and Settings\Osaka\My Documents\1SriLanka\1HP\Mobile\index.htm --> ftp180.lolipop.jp /m index.htm
2006.10.12 10:06 B C:\Documents and Settings\Osaka\My Documents\1SriLanka\1HP\Mobile\otsukasama2S.jpg --> ftp180.lolipop.jp /m otsukasama2S.jpg
2006.10.12 10:06 B C:\Documents and Settings\Osaka\My Documents\1SriLanka\1HP\Mobile\shimojosama2S.jpg --> ftp180.lolipop.jp /m shimojosama2S.jpg
2006.10.12 10:06 B C:\Documents and Settings\Osaka\My Documents\1SriLanka\1HP\Mobile\satosamaS.jpg --> ftp180.lolipop.jp /m satosamaS.jpg
2006.10.12 10:06 B C:\Documents and Settings\Osaka\My Documents\1SriLanka\1HP\Mobile\shimojosama1S.jpg --> ftp180.lolipop.jp /m shimojosama1S.jpg
2006.10.12 10:06 B C:\Documents and Settings\Osaka\My Documents\1SriLanka\1HP\Mobile\otsukasama1S.jpg --> ftp180.lolipop.jp /m otsukasama1S.jpg
2006.10.12 10:10 B C:\Documents and Settings\Osaka\My Documents\1SriLanka\1HP\Mobile\taiken17.htm --> ftp180.lolipop.jp /m taiken17.htm
2006.10.12 10:10 B C:\Documents and Settings\Osaka\My Documents\1SriLanka\1HP\Mobile\srilankatop.htm --> ftp180.lolipop.jp /m srilankatop.htm
2006.10.12 10:10 B C:\Documents and Settings\Osaka\My Documents\1SriLanka\1HP\Mobile\taiken19.htm --> ftp180.lolipop.jp /m taiken19.htm
2006.10.12 10:10 B C:\Documents and Settings\Osaka\My Documents\1SriLanka\1HP\Mobile\taiken18.htm --> ftp180.lolipop.jp /m taiken18.htm
2006.10.12 10:12 B C:\Documents and Settings\Osaka\My Documents\1SriLanka\1HP\Mobile\index.htm --> ftp180.lolipop.jp /m index.htm
2006.10.12 10:13 B C:\Documents and Settings\Osaka\My Documents\1SriLanka\1HP\Mobile\index.htm --> ftp180.lolipop.jp /m index.htm
2006.10.12 10:15 B C:\Documents and Settings\Osaka\My Documents\1SriLanka\1HP\Mobile\index.htm --> ftp180.lolipop.jp /m index.htm
2006.10.12 10:16 B C:\Documents and Settings\Osaka\My Documents\1SriLanka\1HP\Mobile\index.htm --> ftp180.lolipop.jp /m index.htm
2006.10.12 14:44 B C:\Documents and Settings\Osaka\My Documents\1SriLanka\1HP\Mobile\taiken19.htm --> ftp180.lolipop.jp /m taiken19.htm
2006.10.12 14:48 B C:\Documents and Settings\Osaka\My Documents\1SriLanka\1HP\Mobile\index.htm --> ftp180.lolipop.jp /m index.htm
2006.10.12 14:48 B C:\Documents and Settings\Osaka\My Documents\1SriLanka\1HP\Mobile\taiken19.htm --> ftp180.lolipop.jp /m taiken19.htm
2006.10.18 14:40 B C:\Documents and Settings\Osaka\My Documents\1SriLanka\1HP\Mobile\index.htm --> ftp180.lolipop.jp /m index.htm
2006.10.18 14:44 B C:\Documents and Settings\Osaka\My Documents\1SriLanka\1HP\Mobile\index.htm --> ftp180.lolipop.jp /m index.htm
2006.10.26 11:10 B C:\Documents and Settings\Osaka\My Documents\1SriLanka\1HP\Mobile\nvolunteers.htm --> ftp180.lolipop.jp /m nvolunteers.htm
2006.10.26 11:17 B C:\Documents and Settings\Osaka\My Documents\1SriLanka\1HP\Mobile\nvolunteers.htm --> ftp180.lolipop.jp /m nvolunteers.htm
2006.11.08 10:45 B C:\Documents and Settings\Osaka\My Documents\1SriLanka\1HP\Mobile\index.htm --> ftp180.lolipop.jp /m index.htm
2007.06.01 08:23 B C:\Users\Beインターナショナル\Documents\1SriLanka\1HP\Mobile\index.htm --> ftp180.lolipop.jp /m index.htm
2007.06.18 10:26 B C:\Users\Beインターナショナル\Documents\1SriLanka\1HP\Mobile\index.htm --> ftp180.lolipop.jp /m index.htm
2007.07.02 02:25 B C:\Users\Beインターナショナル\Documents\1SriLanka\1HP\Mobile\qa.htm --> ftp180.lolipop.jp /m qa.htm
2007.07.02 02:25 B C:\Users\Beインターナショナル\Documents\1SriLanka\1HP\Mobile\ncost.htm --> ftp180.lolipop.jp /m ncost.htm
2007.07.02 02:25 B C:\Users\Beインターナショナル\Documents\1SriLanka\1HP\Mobile\nlesson.htm --> ftp180.lolipop.jp /m nlesson.htm
2007.07.02 02:25 B C:\Users\Beインターナショナル\Documents\1SriLanka\1HP\Mobile\program.htm --> ftp180.lolipop.jp /m program.htm
2007.07.16 11:38 B C:\Users\Beインターナショナル\Documents\1SriLanka\1HP\Mobile\index.htm --> ftp180.lolipop.jp /m index.htm
2007.07.16 11:38 B C:\Users\Beインターナショナル\Documents\1SriLanka\1HP\Mobile\taiken.htm --> ftp180.lolipop.jp /m taiken.htm
2008.01.29 21:07 B C:\Users\Beインターナショナル\Documents\1SriLanka\1HP\Mobile\taiken23.htm --> ftp180.lolipop.jp /m taiken23.htm
2008.01.29 21:07 B C:\Users\Beインターナショナル\Documents\1SriLanka\1HP\Mobile\index.htm --> ftp180.lolipop.jp /m index.htm
2008.01.29 21:07 B C:\Users\Beインターナショナル\Documents\1SriLanka\1HP\Mobile\Saitosama4S.jpg --> ftp180.lolipop.jp /m Saitosama4S.jpg
2008.01.29 21:07 B C:\Users\Beインターナショナル\Documents\1SriLanka\1HP\Mobile\taiken22.htm --> ftp180.lolipop.jp /m taiken22.htm
2008.01.29 21:07 B C:\Users\Beインターナショナル\Documents\1SriLanka\1HP\Mobile\taiken20.htm --> ftp180.lolipop.jp /m taiken20.htm
2008.01.29 21:07 B C:\Users\Beインターナショナル\Documents\1SriLanka\1HP\Mobile\taiken21.htm --> ftp180.lolipop.jp /m taiken21.htm
2008.01.29 21:07 B C:\Users\Beインターナショナル\Documents\1SriLanka\1HP\Mobile\kuritasama3S.jpg --> ftp180.lolipop.jp /m kuritasama3S.jpg
2008.01.29 21:07 B C:\Users\Beインターナショナル\Documents\1SriLanka\1HP\Mobile\taiken.htm --> ftp180.lolipop.jp /m taiken.htm
2008.01.29 21:07 B C:\Users\Beインターナショナル\Documents\1SriLanka\1HP\Mobile\nojirisama3S.jpg --> ftp180.lolipop.jp /m nojirisama3S.jpg
2008.01.29 21:07 B C:\Users\Beインターナショナル\Documents\1SriLanka\1HP\Mobile\volunteers.htm --> ftp180.lolipop.jp /m volunteers.htm
2008.01.29 21:07 B C:\Users\Beインターナショナル\Documents\1SriLanka\1HP\Mobile\village.htm --> ftp180.lolipop.jp /m village.htm
2008.01.29 21:07 B C:\Users\Beインターナショナル\Documents\1SriLanka\1HP\Mobile\taiken9.htm --> ftp180.lolipop.jp /m taiken9.htm
2008.01.29 21:07 B C:\Users\Beインターナショナル\Documents\1SriLanka\1HP\Mobile\taiken11.htm --> ftp180.lolipop.jp /m taiken11.htm
2008.01.29 21:07 B C:\Users\Beインターナショナル\Documents\1SriLanka\1HP\Mobile\taiken10.htm --> ftp180.lolipop.jp /m taiken10.htm
2008.01.29 21:07 B C:\Users\Beインターナショナル\Documents\1SriLanka\1HP\Mobile\taiken8.htm --> ftp180.lolipop.jp /m taiken8.htm
2008.01.29 21:07 B C:\Users\Beインターナショナル\Documents\1SriLanka\1HP\Mobile\taiken7.htm --> ftp180.lolipop.jp /m taiken7.htm
2008.01.29 21:07 B C:\Users\Beインターナショナル\Documents\1SriLanka\1HP\Mobile\taiken6.htm --> ftp180.lolipop.jp /m taiken6.htm
2008.01.29 21:07 B C:\Users\Beインターナショナル\Documents\1SriLanka\1HP\Mobile\taiken13.htm --> ftp180.lolipop.jp /m taiken13.htm
2008.01.29 21:07 B C:\Users\Beインターナショナル\Documents\1SriLanka\1HP\Mobile\taiken12.htm --> ftp180.lolipop.jp /m taiken12.htm
2008.01.29 21:07 B C:\Users\Beインターナショナル\Documents\1SriLanka\1HP\Mobile\taiken16.htm --> ftp180.lolipop.jp /m taiken16.htm
2008.01.29 21:07 B C:\Users\Beインターナショナル\Documents\1SriLanka\1HP\Mobile\taiken15.htm --> ftp180.lolipop.jp /m taiken15.htm
2008.01.29 21:07 B C:\Users\Beインターナショナル\Documents\1SriLanka\1HP\Mobile\taiken14.htm --> ftp180.lolipop.jp /m taiken14.htm
2008.01.29 21:07 B C:\Users\Beインターナショナル\Documents\1SriLanka\1HP\Mobile\taiken18.htm --> ftp180.lolipop.jp /m taiken18.htm
2008.01.29 21:07 B C:\Users\Beインターナショナル\Documents\1SriLanka\1HP\Mobile\taiken17.htm --> ftp180.lolipop.jp /m taiken17.htm
2008.01.29 21:07 B C:\Users\Beインターナショナル\Documents\1SriLanka\1HP\Mobile\taiken19.htm --> ftp180.lolipop.jp /m taiken19.htm
2008.01.29 21:07 B C:\Users\Beインターナショナル\Documents\1SriLanka\1HP\Mobile\lec.htm --> ftp180.lolipop.jp /m lec.htm
2008.01.29 21:07 B C:\Users\Beインターナショナル\Documents\1SriLanka\1HP\Mobile\homestay.htm --> ftp180.lolipop.jp /m homestay.htm
2008.01.29 21:07 B C:\Users\Beインターナショナル\Documents\1SriLanka\1HP\Mobile\nepal.htm --> ftp180.lolipop.jp /m nepal.htm
2008.01.29 21:07 B C:\Users\Beインターナショナル\Documents\1SriLanka\1HP\Mobile\ncost.htm --> ftp180.lolipop.jp /m ncost.htm
2008.01.29 21:07 B C:\Users\Beインターナショナル\Documents\1SriLanka\1HP\Mobile\lesson.htm --> ftp180.lolipop.jp /m lesson.htm
2008.01.29 21:07 B C:\Users\Beインターナショナル\Documents\1SriLanka\1HP\Mobile\nsecurity.htm --> ftp180.lolipop.jp /m nsecurity.htm
2008.01.29 21:07 B C:\Users\Beインターナショナル\Documents\1SriLanka\1HP\Mobile\nlesson.htm --> ftp180.lolipop.jp /m nlesson.htm
2008.01.29 21:07 B C:\Users\Beインターナショナル\Documents\1SriLanka\1HP\Mobile\nhomestay.htm --> ftp180.lolipop.jp /m nhomestay.htm
2008.01.29 21:07 B C:\Users\Beインターナショナル\Documents\1SriLanka\1HP\Mobile\nepaltop.htm --> ftp180.lolipop.jp /m nepaltop.htm
2008.01.29 21:07 B C:\Users\Beインターナショナル\Documents\1SriLanka\1HP\Mobile\qa.htm --> ftp180.lolipop.jp /m qa.htm
2008.01.29 21:07 B C:\Users\Beインターナショナル\Documents\1SriLanka\1HP\Mobile\program.htm --> ftp180.lolipop.jp /m program.htm
2008.01.29 21:07 B C:\Users\Beインターナショナル\Documents\1SriLanka\1HP\Mobile\nvolunteers.htm --> ftp180.lolipop.jp /m nvolunteers.htm
2008.01.29 21:07 B C:\Users\Beインターナショナル\Documents\1SriLanka\1HP\Mobile\srilankatop.htm --> ftp180.lolipop.jp /m srilankatop.htm
2008.01.29 21:07 B C:\Users\Beインターナショナル\Documents\1SriLanka\1HP\Mobile\srilanka.htm --> ftp180.lolipop.jp /m srilanka.htm
2008.01.29 21:07 B C:\Users\Beインターナショナル\Documents\1SriLanka\1HP\Mobile\security.htm --> ftp180.lolipop.jp /m security.htm
2008.01.29 21:07 B C:\Users\Beインターナショナル\Documents\1SriLanka\1HP\Mobile\taiken3.htm --> ftp180.lolipop.jp /m taiken3.htm
2008.01.29 21:07 B C:\Users\Beインターナショナル\Documents\1SriLanka\1HP\Mobile\taiken2.htm --> ftp180.lolipop.jp /m taiken2.htm
2008.01.29 21:07 B C:\Users\Beインターナショナル\Documents\1SriLanka\1HP\Mobile\taiken1.htm --> ftp180.lolipop.jp /m taiken1.htm
2008.01.29 21:07 B C:\Users\Beインターナショナル\Documents\1SriLanka\1HP\Mobile\taiken4.htm --> ftp180.lolipop.jp /m taiken4.htm
2008.01.29 21:07 B C:\Users\Beインターナショナル\Documents\1SriLanka\1HP\Mobile\taiken5.htm --> ftp180.lolipop.jp /m taiken5.htm
2008.01.29 21:07 B C:\Users\Beインターナショナル\Documents\1SriLanka\1HP\Mobile\cost.htm --> ftp180.lolipop.jp /m cost.htm
2008.01.29 21:12 B C:\Users\Beインターナショナル\Documents\1SriLanka\1HP\Mobile\be3_468px_60pxs.gif <-- be-intl.com /NewHP/images be3_468px_60pxs.gif
2008.05.15 18:51 B C:\Users\Beインターナショナル\Documents\1SriLanka\1HP\Mobile\index.htm --> ftp180.lolipop.jp /m index.htm
2008.05.15 18:54 B C:\Users\Beインターナショナル\Documents\1SriLanka\1HP\Mobile\index.htm --> ftp180.lolipop.jp /m index.htm
2008.05.15 18:56 B C:\Users\Beインターナショナル\Documents\1SriLanka\1HP\Mobile\index.htm --> ftp180.lolipop.jp /m index.htm
2008.05.15 18:58 B C:\Users\Beインターナショナル\Documents\1SriLanka\1HP\Mobile\index.htm --> ftp180.lolipop.jp /m index.htm
2008.05.15 19:00 A C:\Users\Beインターナショナル\Documents\1SriLanka\1HP\Mobile\index.htm --> ftp180.lolipop.jp /m index.htm
2008.05.15 19:01 A C:\Users\Beインターナショナル\Documents\1SriLanka\1HP\Mobile\index.htm --> ftp180.lolipop.jp /m index.htm
2008.05.15 22:18 B C:\Users\Beインターナショナル\Documents\1SriLanka\1HP\Mobile\index.htm --> ftp180.lolipop.jp /m index.htm
2008.05.15 22:21 B C:\Users\Beインターナショナル\Documents\1SriLanka\1HP\Mobile\index.htm --> ftp180.lolipop.jp /m index.htm
2008.05.15 22:23 B C:\Users\Beインターナショナル\Documents\1SriLanka\1HP\Mobile\index.htm --> ftp180.lolipop.jp /m index.htm
2008.05.15 22:24 B C:\Users\Beインターナショナル\Documents\1SriLanka\1HP\Mobile\index.htm --> ftp180.lolipop.jp /m index.htm
2008.05.15 22:27 B C:\Users\Beインターナショナル\Documents\1SriLanka\1HP\Mobile\index.htm --> ftp180.lolipop.jp /m index.htm
2008.05.15 22:29 B C:\Users\Beインターナショナル\Documents\1SriLanka\1HP\Mobile\index.htm --> ftp180.lolipop.jp /m index.htm
2008.05.15 23:04 B C:\Users\Beインターナショナル\Documents\1SriLanka\1HP\Mobile\nvolunteers.htm --> ftp180.lolipop.jp /m nvolunteers.htm
2008.05.15 23:04 B C:\Users\Beインターナショナル\Documents\1SriLanka\1HP\Mobile\nsecurity.htm --> ftp180.lolipop.jp /m nsecurity.htm
2008.05.15 23:04 B C:\Users\Beインターナショナル\Documents\1SriLanka\1HP\Mobile\ncost.htm --> ftp180.lolipop.jp /m ncost.htm
2008.05.15 23:04 B C:\Users\Beインターナショナル\Documents\1SriLanka\1HP\Mobile\nlesson.htm --> ftp180.lolipop.jp /m nlesson.htm
2008.05.15 23:04 B C:\Users\Beインターナショナル\Documents\1SriLanka\1HP\Mobile\nhomestay.htm --> ftp180.lolipop.jp /m nhomestay.htm
2008.05.15 23:04 B C:\Users\Beインターナショナル\Documents\1SriLanka\1HP\Mobile\security.htm --> ftp180.lolipop.jp /m security.htm
2008.05.15 23:04 B C:\Users\Beインターナショナル\Documents\1SriLanka\1HP\Mobile\qa.htm --> ftp180.lolipop.jp /m qa.htm
2008.05.15 23:04 B C:\Users\Beインターナショナル\Documents\1SriLanka\1HP\Mobile\nepal.htm --> ftp180.lolipop.jp /m nepal.htm
2008.05.15 23:04 B C:\Users\Beインターナショナル\Documents\1SriLanka\1HP\Mobile\volunteers.htm --> ftp180.lolipop.jp /m volunteers.htm
2008.05.15 23:04 B C:\Users\Beインターナショナル\Documents\1SriLanka\1HP\Mobile\taiken.htm --> ftp180.lolipop.jp /m taiken.htm
2008.05.15 23:04 B C:\Users\Beインターナショナル\Documents\1SriLanka\1HP\Mobile\cost.htm --> ftp180.lolipop.jp /m cost.htm
2008.05.15 23:04 B C:\Users\Beインターナショナル\Documents\1SriLanka\1HP\Mobile\village.htm --> ftp180.lolipop.jp /m village.htm
2008.05.15 23:04 B C:\Users\Beインターナショナル\Documents\1SriLanka\1HP\Mobile\homestay.htm --> ftp180.lolipop.jp /m homestay.htm
2008.05.15 23:04 B C:\Users\Beインターナショナル\Documents\1SriLanka\1HP\Mobile\lesson.htm --> ftp180.lolipop.jp /m lesson.htm
2008.05.15 23:04 B C:\Users\Beインターナショナル\Documents\1SriLanka\1HP\Mobile\srilanka.htm --> ftp180.lolipop.jp /m srilanka.htm
2008.05.15 23:04 B C:\Users\Beインターナショナル\Documents\1SriLanka\1HP\Mobile\srilankatop.htm --> ftp180.lolipop.jp /m srilankatop.htm
2008.05.15 23:04 B C:\Users\Beインターナショナル\Documents\1SriLanka\1HP\Mobile\program.htm --> ftp180.lolipop.jp /m program.htm
2008.05.15 23:04 B C:\Users\Beインターナショナル\Documents\1SriLanka\1HP\Mobile\lec.htm --> ftp180.lolipop.jp /m lec.htm
2008.05.15 23:04 B C:\Users\Beインターナショナル\Documents\1SriLanka\1HP\Mobile\index.htm --> ftp180.lolipop.jp /m index.htm
2008.05.15 23:04 B C:\Users\Beインターナショナル\Documents\1SriLanka\1HP\Mobile\taiken23.htm --> ftp180.lolipop.jp /m taiken23.htm
2008.07.18 18:02 B C:\Users\Beインターナショナル\Documents\1SriLanka\1HP\Mobile\index.htm --> ftp180.lolipop.jp /m index.htm
2008.07.29 02:46 B C:\Users\Beインターナショナル\Documents\1SriLanka\1HP\Mobile\index.htm --> ftp180.lolipop.jp /m index.htm
2009.07.28 18:23 B C:\Users\Beインターナショナル\Documents\1SriLanka\1HP\Mobile\taiken28.htm --> ftp180.lolipop.jp /m taiken28.htm
2009.07.28 18:23 B C:\Users\Beインターナショナル\Documents\1SriLanka\1HP\Mobile\taiken27.htm --> ftp180.lolipop.jp /m taiken27.htm
2009.07.28 18:23 B C:\Users\Beインターナショナル\Documents\1SriLanka\1HP\Mobile\taiken25.htm --> ftp180.lolipop.jp /m taiken25.htm
2009.07.28 18:23 B C:\Users\Beインターナショナル\Documents\1SriLanka\1HP\Mobile\taiken24.htm --> ftp180.lolipop.jp /m taiken24.htm
2009.07.28 18:23 B C:\Users\Beインターナショナル\Documents\1SriLanka\1HP\Mobile\taiken26.htm --> ftp180.lolipop.jp /m taiken26.htm
2009.07.28 18:23 B C:\Users\Beインターナショナル\Documents\1SriLanka\1HP\Mobile\taiken.htm --> ftp180.lolipop.jp /m taiken.htm
2009.07.28 18:23 B C:\Users\Beインターナショナル\Documents\1SriLanka\1HP\Mobile\Gotosama2S.jpg --> ftp180.lolipop.jp /m Gotosama2S.jpg
2009.07.28 18:23 B C:\Users\Beインターナショナル\Documents\1SriLanka\1HP\Mobile\index.htm --> ftp180.lolipop.jp /m index.htm
2009.07.28 18:23 B C:\Users\Beインターナショナル\Documents\1SriLanka\1HP\Mobile\Eguchisama1S.jpg --> ftp180.lolipop.jp /m Eguchisama1S.jpg
2009.07.28 18:23 B C:\Users\Beインターナショナル\Documents\1SriLanka\1HP\Mobile\Muranosama2S.jpg --> ftp180.lolipop.jp /m Muranosama2S.jpg
2009.07.28 18:23 B C:\Users\Beインターナショナル\Documents\1SriLanka\1HP\Mobile\Kobayashisama1S.jpg --> ftp180.lolipop.jp /m Kobayashisama1S.jpg
2009.07.28 18:23 B C:\Users\Beインターナショナル\Documents\1SriLanka\1HP\Mobile\Yamaguchisama1S.jpg --> ftp180.lolipop.jp /m Yamaguchisama1S.jpg
2009.07.28 19:06 B C:\Users\Beインターナショナル\Documents\1SriLanka\1HP\Mobile\taiken24.htm --> ftp180.lolipop.jp /m taiken24.htm
2009.07.28 19:06 B C:\Users\Beインターナショナル\Documents\1SriLanka\1HP\Mobile\taiken25.htm --> ftp180.lolipop.jp /m taiken25.htm
2009.07.28 19:08 B C:\Users\Beインターナショナル\Documents\1SriLanka\1HP\Mobile\taiken.htm --> ftp180.lolipop.jp /m taiken.htm
2009.07.28 19:14 B C:\Users\Beインターナショナル\Documents\1SriLanka\1HP\Mobile\taiken.htm --> ftp180.lolipop.jp /m taiken.htm
2009.07.28 19:14 B C:\Users\Beインターナショナル\Documents\1SriLanka\1HP\Mobile\taiken24.htm --> ftp180.lolipop.jp /m taiken24.htm
2009.07.28 19:16 B C:\Users\Beインターナショナル\Documents\1SriLanka\1HP\Mobile\taiken24.htm --> ftp180.lolipop.jp /m taiken24.htm
2009.07.28 19:18 B C:\Users\Beインターナショナル\Documents\1SriLanka\1HP\Mobile\taiken.htm --> ftp180.lolipop.jp /m taiken.htm
2009.10.09 16:20 B C:\Users\Beインターナショナル\Documents\1SriLanka\1HP\Mobile\index.htm --> ftp180.lolipop.jp /m index.htm
2009.12.16 20:46 B C:\Users\Beインターナショナル\Documents\1SriLanka\1HP\Mobile\index.htm --> ftp180.lolipop.jp /m index.htm
2009.12.16 20:46 B C:\Users\Beインターナショナル\Documents\1SriLanka\1HP\Mobile\taiken29.htm --> ftp180.lolipop.jp /m taiken29.htm
2009.12.16 20:46 B C:\Users\Beインターナショナル\Documents\1SriLanka\1HP\Mobile\taiken.htm --> ftp180.lolipop.jp /m taiken.htm
2009.12.16 20:46 B C:\Users\Beインターナショナル\Documents\1SriLanka\1HP\Mobile\taiken30.htm --> ftp180.lolipop.jp /m taiken30.htm
2009.12.16 20:46 B C:\Users\Beインターナショナル\Documents\1SriLanka\1HP\Mobile\KawaraisamaOkadasamaS.jpg --> ftp180.lolipop.jp /m KawaraisamaOkadasamaS.jpg
2009.12.16 20:46 B C:\Users\Beインターナショナル\Documents\1SriLanka\1HP\Mobile\Komatsusama1S.jpg --> ftp180.lolipop.jp /m Komatsusama1S.jpg
2009.12.16 20:56 B C:\Users\Beインターナショナル\Documents\1SriLanka\1HP\Mobile\index.htm --> ftp180.lolipop.jp /m index.htm
2009.12.16 20:58 B C:\Users\Beインターナショナル\Documents\1SriLanka\1HP\Mobile\index.htm --> ftp180.lolipop.jp /m index.htm
2009.12.16 20:59 B C:\Users\Beインターナショナル\Documents\1SriLanka\1HP\Mobile\index.htm --> ftp180.lolipop.jp /m index.htm
